******************************************************************************
                  TI ARM Linker Unix v20.2.5                   
******************************************************************************
>> Linked Sat Jun  8 08:25:44 2024

OUTPUT FILE NAME:   <ProjecteFinal.out>
ENTRY POINT SYMBOL: "_c_int00_noargs"  address: 00004ca1


MEMORY CONFIGURATION

         name            origin    length      used     unused   attr    fill
----------------------  --------  ---------  --------  --------  ----  --------
  MAIN                  00000000   00040000  000070b8  00038f48  R  X
  INFO                  00200000   00004000  00000000  00004000  R  X
  SRAM_CODE             01000000   00010000  0000063a  0000f9c6  RW X
  SRAM_DATA             20000000   00010000  0000063a  0000f9c6  RW  


SEGMENT ALLOCATION MAP

run origin  load origin   length   init length attrs members
----------  ----------- ---------- ----------- ----- -------
00000000    00000000    000070b8   000070b8    r-x
  00000000    00000000    000000e4   000000e4    r-- .intvecs
  000000e4    000000e4    00004cec   00004cec    r-x .text
  00004dd0    00004dd0    000022a8   000022a8    r-- .const
  00007078    00007078    00000040   00000040    r-- .cinit
20000000    20000000    0000043c   00000000    rw-
  20000000    20000000    0000041e   00000000    rw- .bss
  20000420    20000420    0000001c   00000000    rw- .data
2000fe00    2000fe00    00000200   00000000    rw-
  2000fe00    2000fe00    00000200   00000000    rw- .stack


SECTION ALLOCATION MAP

 output                                  attributes/
section   page    origin      length       input sections
--------  ----  ----------  ----------   ----------------
.intvecs   0    00000000    000000e4     
                  00000000    000000e4     startup_msp432p401r_ccs.obj (.intvecs:retain)

.text      0    000000e4    00004cec     
                  000000e4    0000104c     lib_PAE.lib : graphics.obj (.text)
                  00001130    00000a4e     rtsv7M4_T_le_v4SPD16_eabi.lib : _printfi.c.obj (.text:__TI_printfi)
                  00001b7e    00000002                                   : div0.asm.obj (.text)
                  00001b80    000008a8     lib_PAE.lib : lcd.obj (.text)
                  00002428    000003a4     config_Transport.obj (.text)
                  000027cc    0000033c     config_pantalla.obj (.text)
                  00002b08    00000334     system_msp432p401r.obj (.text)
                  00002e3c    00000270     rtsv7M4_T_le_v4SPD16_eabi.lib : _printfi.c.obj (.text:_pconv_a)
                  000030ac    00000224     config_interrupcions.obj (.text)
                  000032d0    00000220     aplic_moviments.obj (.text)
                  000034f0    000001d0     rtsv7M4_T_le_v4SPD16_eabi.lib : _printfi.c.obj (.text:_pconv_g)
                  000036c0    000001b6                                   : fd_add_t2.asm.obj (.text)
                  00003876    00000002     --HOLE-- [fill = 0]
                  00003878    000001a8     aplic_motor.obj (.text)
                  00003a20    00000188     lib_PAE.lib : msp_LCD.obj (.text)
                  00003ba8    0000013c     rtsv7M4_T_le_v4SPD16_eabi.lib : _printfi.c.obj (.text:_pconv_e)
                  00003ce4    00000136                                   : fd_div_t2.asm.obj (.text)
                  00003e1a    00000002     --HOLE-- [fill = 0]
                  00003e1c    00000124                                   : _printfi.c.obj (.text:fcvt)
                  00003f40    00000110                                   : s_scalbn.c.obj (.text:scalbn)
                  00004050    000000fc                                   : fd_mul_t2.asm.obj (.text)
                  0000414c    000000e0     config_joysticks.obj (.text)
                  0000422c    000000bc     init.obj (.text)
                  000042e8    000000b1     rtsv7M4_T_le_v4SPD16_eabi.lib : _printfi.c.obj (.text:_ltostr)
                  00004399    00000003     --HOLE-- [fill = 0]
                  0000439c    000000a8     main.obj (.text)
                  00004444    0000009c     rtsv7M4_T_le_v4SPD16_eabi.lib : memcpy_t2.asm.obj (.text)
                  000044e0    00000096                                   : ull_div_t2.asm.obj (.text)
                  00004576    00000002     --HOLE-- [fill = 0]
                  00004578    0000008c     aplic_sound.obj (.text)
                  00004604    00000086     rtsv7M4_T_le_v4SPD16_eabi.lib : fd_cmp_t2.asm.obj (.text:__aeabi_cdcmple)
                  0000468a    00000086                                   : fd_cmp_t2.asm.obj (.text:__aeabi_cdrcmple)
                  00004710    0000007a                                   : memset_t2.asm.obj (.text)
                  0000478a    00000002     --HOLE-- [fill = 0]
                  0000478c    00000078     lib_PAE.lib : Inicializacion.obj (.text)
                  00004804    0000006e     rtsv7M4_T_le_v4SPD16_eabi.lib : _printfi.c.obj (.text:_mcpy)
                  00004872    00000002     --HOLE-- [fill = 0]
                  00004874    0000006c     aplic_sensor.obj (.text)
                  000048e0    00000068     config_timer.obj (.text)
                  00004948    00000068     rtsv7M4_T_le_v4SPD16_eabi.lib : copy_decompress_lzss.c.obj (.text:decompress:lzss:__TI_decompress_lzss)
                  000049b0    00000064                                   : s_frexp.c.obj (.text:frexp)
                  00004a14    00000056                                   : _printfi.c.obj (.text:_pconv_f)
                  00004a6a    00000054                                   : _ltoa.c.obj (.text:__TI_ltoa)
                  00004abe    00000052                                   : _printfi.c.obj (.text:_ecpy)
                  00004b10    0000004c                                   : atoi.c.obj (.text:atoi)
                  00004b5c    00000048                                   : fd_toi_t2.asm.obj (.text)
                  00004ba4    00000044                                   : autoinit.c.obj (.text:__TI_auto_init_nobinit_nopinit:__TI_auto_init_nobinit_nopinit)
                  00004be8    00000040                                   : sprintf.c.obj (.text:sprintf)
                  00004c28    0000003e                                   : _printfi.c.obj (.text:_fcpy)
                  00004c66    00000002     --HOLE-- [fill = 0]
                  00004c68    00000038     aplic_musica.obj (.text)
                  00004ca0    00000034     rtsv7M4_T_le_v4SPD16_eabi.lib : boot_cortex_m.c.obj (.text:_c_int00_noargs:_c_int00_noargs)
                  00004cd4    0000002e                                   : i_tofd_t2.asm.obj (.text)
                  00004d02    0000001c                                   : memccpy.c.obj (.text:memccpy)
                  00004d1e    0000001a                                   : s_copysign.c.obj (.text:copysign)
                  00004d38    00000018                                   : sprintf.c.obj (.text:_outs)
                  00004d50    00000016                                   : strchr.c.obj (.text:strchr)
                  00004d66    00000014                                   : strlen.c.obj (.text:strlen)
                  00004d7a    00000012                                   : wcslen.c.obj (.text:wcslen)
                  00004d8c    0000000e                                   : copy_decompress_none.c.obj (.text:decompress:none:__TI_decompress_none)
                  00004d9a    0000000e     startup_msp432p401r_ccs.obj (.text)
                  00004da8    0000000c     rtsv7M4_T_le_v4SPD16_eabi.lib : copy_zero_init.c.obj (.text:decompress:ZI:__TI_zero_init)
                  00004db4    0000000a                                   : sprintf.c.obj (.text:_outc)
                  00004dbe    00000002     --HOLE-- [fill = 0]
                  00004dc0    00000008                                   : errno.c.obj (.text:__aeabi_errno_addr)
                  00004dc8    00000004                                   : pre_init.c.obj (.text:_system_pre_init)
                  00004dcc    00000004                                   : exit.c.obj (.text:abort:abort)

.const     0    00004dd0    000022a8     
                  00004dd0    00000ed3     logoUB_256.obj (.const:.string:pixel_logoUB8BPP_UNCOMP)
                  00005ca3    00000001     --HOLE-- [fill = 0]
                  00005ca4    0000082a     lib_PAE.lib : graphics.obj (.const:font_11x16)
                  000064ce    00000474                 : graphics.obj (.const:font_8x12)
                  00006942    00000002     --HOLE-- [fill = 0]
                  00006944    00000400     logoUB_256.obj (.const:palette_logoUB8BPP_UNCOMP)
                  00006d44    000001e0     lib_PAE.lib : graphics.obj (.const:font_5x7)
                  00006f24    00000101     rtsv7M4_T_le_v4SPD16_eabi.lib : ctype.c.obj (.const:.string:_ctypes_)
                  00007025    00000012     config_Transport.obj (.const:.string:$P$T0$1)
                  00007037    00000010     aplic_motor.obj (.const:.string:$P$T0$1)
                  00007047    00000010     lib_PAE.lib : lcd.obj (.const:.string:$P$T0$1)
                  00007057    00000010                 : lcd.obj (.const:.string:$P$T1$2)
                  00007067    00000001     --HOLE-- [fill = 0]
                  00007068    00000010     logoUB_256.obj (.const:logoUB8BPP_UNCOMP)

.cinit     0    00007078    00000040     
                  00007078    0000001b     (.cinit..data.load) [load image, compression = lzss]
                  00007093    00000001     --HOLE-- [fill = 0]
                  00007094    0000000c     (__TI_handler_table)
                  000070a0    00000008     (.cinit..bss.load) [load image, compression = zero_init]
                  000070a8    00000010     (__TI_cinit_table)

.init_array 
*          0    00000000    00000000     UNINITIALIZED

.binit     0    00000000    00000000     

.bss       0    20000000    0000041e     UNINITIALIZED
                  20000000    00000400     lib_PAE.lib : graphics.obj (.bss:g_pulConvertedPalette)
                  20000400    00000004     (.common:cnt)
                  20000404    00000004     (.common:distancia_inferior)
                  20000408    00000004     (.common:distancia_superior)
                  2000040c    00000004     (.common:escenari_actual)
                  20000410    00000001     (.common:Byte_Recibido)
                  20000411    00000001     (.common:DatoLeido_UART)
                  20000412    00000001     (.common:calibrat)
                  20000413    00000001     (.common:comencar)
                  20000414    00000001     (.common:estat_anterior_pantalla)
                  20000415    00000001     (.common:estat_pantalla)
                  20000416    00000001     (.common:linia)
                  20000417    00000001     (.common:linia_seleccionada)
                  20000418    00000001     (.common:musica)
                  20000419    00000001     (.common:nombreAplaudiments)
                  2000041a    00000001     (.common:num_aplaudiments_anterior)
                  2000041b    00000001     (.common:parar)
                  2000041c    00000001     (.common:playing)
                  2000041d    00000001     (.common:resseguim_default)

.data      0    20000420    0000001c     UNINITIALIZED
                  20000420    0000000a     lib_PAE.lib : lcd.obj (.data)
                  2000042a    00000002     --HOLE--
                  2000042c    00000004     config_Transport.obj (.data)
                  20000430    00000004     lib_PAE.lib : graphics.obj (.data)
                  20000434    00000004     rtsv7M4_T_le_v4SPD16_eabi.lib : errno.c.obj (.data)
                  20000438    00000004     system_msp432p401r.obj (.data)

.stack     0    2000fe00    00000200     UNINITIALIZED
                  2000fe00    00000004     rtsv7M4_T_le_v4SPD16_eabi.lib : boot_cortex_m.c.obj (.stack)
                  2000fe04    000001fc     --HOLE--

__llvm_prf_cnts 
*          0    20000000    00000000     UNINITIALIZED

MODULE SUMMARY

       Module                        code    ro data   rw data
       ------                        ----    -------   -------
    ./
       logoUB_256.obj                0       4835      0      
       config_Transport.obj          932     18        8      
       config_pantalla.obj           828     0         0      
       system_msp432p401r.obj        820     0         8      
       config_interrupcions.obj      548     0         0      
       aplic_moviments.obj           544     0         0      
       aplic_motor.obj               424     16        0      
       startup_msp432p401r_ccs.obj   14      228       0      
       config_joysticks.obj          224     0         0      
       init.obj                      188     0         0      
       main.obj                      168     0         0      
       aplic_sound.obj               140     0         0      
       aplic_sensor.obj              108     0         0      
       config_timer.obj              104     0         0      
       aplic_led.obj                 0       0         60     
       aplic_musica.obj              56      0         0      
    +--+-----------------------------+-------+---------+---------+
       Total:                        5098    5097      76     
                                                              
    ../lib_PAE.lib
       graphics.obj                  4172    3710      2056   
       lcd.obj                       2216    32        20     
       msp_LCD.obj                   392     0         0      
       Inicializacion.obj            120     0         0      
    +--+-----------------------------+-------+---------+---------+
       Total:                        6900    3742      2076   
                                                              
    /Applications/TI/ccs/tools/compiler/ti-cgt-arm_20.2.5.LTS/lib/rtsv7M4_T_le_v4SPD16_eabi.lib
       _printfi.c.obj                4851    0         0      
       fd_add_t2.asm.obj             438     0         0      
       fd_div_t2.asm.obj             310     0         0      
       s_scalbn.c.obj                272     0         0      
       fd_cmp_t2.asm.obj             268     0         0      
       ctype.c.obj                   0       257       0      
       fd_mul_t2.asm.obj             252     0         0      
       memcpy_t2.asm.obj             156     0         0      
       ull_div_t2.asm.obj            150     0         0      
       memset_t2.asm.obj             122     0         0      
       copy_decompress_lzss.c.obj    104     0         0      
       s_frexp.c.obj                 100     0         0      
       sprintf.c.obj                 98      0         0      
       _ltoa.c.obj                   84      0         0      
       atoi.c.obj                    76      0         0      
       fd_toi_t2.asm.obj             72      0         0      
       autoinit.c.obj                68      0         0      
       boot_cortex_m.c.obj           52      0         0      
       i_tofd_t2.asm.obj             46      0         0      
       memccpy.c.obj                 28      0         0      
       s_copysign.c.obj              26      0         0      
       strchr.c.obj                  22      0         0      
       strlen.c.obj                  20      0         0      
       wcslen.c.obj                  18      0         0      
       errno.c.obj                   8       0         8      
       copy_decompress_none.c.obj    14      0         0      
       copy_zero_init.c.obj          12      0         0      
       exit.c.obj                    4       0         0      
       pre_init.c.obj                4       0         0      
       div0.asm.obj                  2       0         0      
    +--+-----------------------------+-------+---------+---------+
       Total:                        7677    257       8      
                                                              
       Stack:                        0       0         1024   
       Linker Generated:             0       63        0      
    +--+-----------------------------+-------+---------+---------+
       Grand Total:                  19675   9159      3184   


LINKER GENERATED COPY TABLES

__TI_cinit_table @ 000070a8 records: 2, size/record: 8, table size: 16
	.data: load addr=00007078, load size=0000001b bytes, run addr=20000420, run size=0000001c bytes, compression=lzss
	.bss: load addr=000070a0, load size=00000008 bytes, run addr=20000000, run size=0000041e bytes, compression=zero_init


LINKER GENERATED HANDLER TABLE

__TI_handler_table @ 00007094 records: 3, size/record: 4, table size: 12
	index: 0, handler: __TI_decompress_lzss
	index: 1, handler: __TI_decompress_none
	index: 2, handler: __TI_zero_init


GLOBAL SYMBOLS: SORTED ALPHABETICALLY BY Name 

address   name                          
-------   ----                          
00004da7  ADC14_IRQHandler              
00004da7  AES256_IRQHandler             
00004da7  BusFault_Handler              
20000410  Byte_Recibido                 
00004dcd  C$$EXIT                       
00004da7  COMP_E0_IRQHandler            
00004da7  COMP_E1_IRQHandler            
00004da7  CS_IRQHandler                 
20000422  Color_Fondo                   
20000426  Color_Fondo_Inv               
20000424  Color_Texto                   
20000428  Color_Texto_Inv               
00004da7  DMA_ERR_IRQHandler            
00004da7  DMA_INT0_IRQHandler           
00004da7  DMA_INT1_IRQHandler           
00004da7  DMA_INT2_IRQHandler           
00004da7  DMA_INT3_IRQHandler           
20000411  DatoLeido_UART                
00004da7  DebugMon_Handler              
00004da7  Default_Handler               
000030d7  EUSCIA0_IRQHandler            
000030d7  EUSCIA0_IRQHandler            
00004da7  EUSCIA1_IRQHandler            
00003105  EUSCIA2_IRQHandler            
00003105  EUSCIA2_IRQHandler            
00004da7  EUSCIA3_IRQHandler            
00004da7  EUSCIB0_IRQHandler            
00004da7  EUSCIB1_IRQHandler            
00004da7  EUSCIB2_IRQHandler            
00004da7  EUSCIB3_IRQHandler            
0000296f  EncenderRGB_Launchpad         
00004da7  FLCTL_IRQHandler              
00004da7  FPU_IRQHandler                
20000421  Fuente                        
00004da7  HardFault_Handler             
00004da7  MemManage_Handler             
00004da7  NMI_Handler                   
00004da7  PCM_IRQHandler                
00004da7  PORT1_IRQHandler              
00004da7  PORT2_IRQHandler              
00004da7  PORT3_IRQHandler              
00004da7  PORT4_IRQHandler              
00003147  PORT5_IRQHandler              
00003147  PORT5_IRQHandler              
00004da7  PORT6_IRQHandler              
00004da7  PSS_IRQHandler                
00004da7  PendSV_Handler                
2000042c  QTY                           
00004da7  RTC_C_IRQHandler              
00004d9b  Reset_Handler                 
00004915  Reset_Timeout                 
0000262b  RxPacket                      
00004da7  SVC_Handler                   
0000247d  Sentit_Dades_Rx               
00002489  Sentit_Dades_Tx               
00004da7  SysTick_Handler               
20000438  SystemCoreClock               
00002b09  SystemCoreClockUpdate         
00002d81  SystemInit                    
00004da7  T32_INT1_IRQHandler           
00004da7  T32_INT2_IRQHandler           
00004da7  T32_INTC_IRQHandler           
00004da7  TA0_0_IRQHandler              
00004da7  TA0_N_IRQHandler              
00003133  TA1_0_IRQHandler              
00003133  TA1_0_IRQHandler              
00004da7  TA1_N_IRQHandler              
00004da7  TA2_0_IRQHandler              
00004da7  TA2_N_IRQHandler              
00004da7  TA3_0_IRQHandler              
00004da7  TA3_N_IRQHandler              
000048fb  TimeOut                       
00002505  TxPacket                      
000024db  TxRxPacket                    
000024bf  TxUACx                        
00004da7  UsageFault_Handler            
4000480c  WDTCTL_SYM                    
00004da7  WDT_A_IRQHandler              
20010000  __STACK_END                   
00000200  __STACK_SIZE                  
000070a8  __TI_CINIT_Base               
000070b8  __TI_CINIT_Limit              
00007094  __TI_Handler_Table_Base       
000070a0  __TI_Handler_Table_Limit      
00004ba5  __TI_auto_init_nobinit_nopinit
00004949  __TI_decompress_lzss          
00004d8d  __TI_decompress_none          
00004a6b  __TI_ltoa                     
ffffffff  __TI_pprof_out_hndl           
00001131  __TI_printfi                  
ffffffff  __TI_prof_data_size           
ffffffff  __TI_prof_data_start          
00000000  __TI_static_base__            
00004da9  __TI_zero_init                
00004605  __aeabi_cdcmpeq               
00004605  __aeabi_cdcmple               
0000468b  __aeabi_cdrcmple              
00004b5d  __aeabi_d2iz                  
000036cb  __aeabi_dadd                  
00003ce5  __aeabi_ddiv                  
00004051  __aeabi_dmul                  
000036c1  __aeabi_dsub                  
00004dc1  __aeabi_errno_addr            
00004cd5  __aeabi_i2d                   
00001b7f  __aeabi_idiv0                 
00001b7f  __aeabi_ldiv0                 
00004711  __aeabi_memclr                
00004711  __aeabi_memclr4               
00004711  __aeabi_memclr8               
00004445  __aeabi_memcpy                
00004445  __aeabi_memcpy4               
00004445  __aeabi_memcpy8               
00004713  __aeabi_memset                
00004713  __aeabi_memset4               
00004713  __aeabi_memset8               
000044e1  __aeabi_uldivmod              
ffffffff  __binit__                     
ffffffff  __c_args__                    
UNDEFED   __mpu_init                    
2000fe00  __stack                       
20000000  __start___llvm_prf_cnts       
20000000  __stop___llvm_prf_cnts        
00004ca1  _c_int00_noargs               
00006f24  _ctypes_                      
20000420  _orientation                  
UNDEFED   _system_post_cinit            
00004dc9  _system_pre_init              
00004dcd  abort                         
00002943  actualitzar_pantalla          
00004b11  atoi                          
000032d1  avancar                       
20000433  bgColorHighByte               
20000432  bgColorLowByte                
ffffffff  binit                         
000029cd  borrar_Logo                   
000048a9  calibrar                      
20000412  calibrat                      
00001fb1  cambiar_orientacion           
00000121  clearScreen                   
000001af  clearScreenBkg                
20000400  cnt                           
20000431  colorHighByte                 
20000430  colorLowByte                  
20000413  comencar                      
000045a5  comprovar_si_vol_comencar     
00004d1f  copysign                      
00004d1f  copysignl                     
00003b45  delay                         
20000404  distancia_inferior            
20000408  distancia_superior            
00000521  drawCharLg                    
000005c9  drawCharLgBkg                 
000006ad  drawCharMd                    
0000075b  drawCharMdBkg                 
000003a1  drawCharSm                    
00000447  drawCharSmBkg                 
00000d9b  drawCircle                    
000008bd  drawImage                     
000008d5  drawImageLut                  
000009e3  drawImageMono                 
00000b41  drawLine                      
00000a01  drawLogicLine                 
00000237  drawPixel                     
00000d37  drawRect                      
00000267  drawString                    
00003945  endavant                      
0000396b  enrere                        
20000434  errno                         
2000040c  escenari_actual               
0000491d  espera                        
20000414  estat_anterior_pantalla       
20000415  estat_pantalla                
00000fb9  fillCircle                    
00000f1b  fillRect                      
00005ca4  font_11x16                    
00006d44  font_5x7                      
000064ce  font_8x12                     
000049b1  frexp                         
000049b1  frexpl                        
00001c2b  getAltura                     
00001bd9  getColumna                    
00001b87  getLinea                      
00001b81  getOrientacion                
00001c87  getScreenHeight               
00001c71  getScreenWidth                
0000398f  gir                           
00002141  halLcdClearLine               
00001fdf  halLcdClearScreen             
00002003  halLcdClearScreenBkg          
000022b5  halLcdDrawCircle              
000023bd  halLcdDrawImageLut            
00002209  halLcdDrawLine                
000021b7  halLcdDrawPixel               
0000225d  halLcdDrawRect                
00002361  halLcdFillCircle              
00002305  halLcdFillRect                
00001fd3  halLcdInit                    
00002023  halLcdPrintLine               
000020a3  halLcdPrintLineCol            
0000422d  init                          
00001dfd  initLCD                       
00003879  init_EndlessTurn              
00002429  init_UART                     
000030ad  init_interrupciones_NVIC      
0000414d  init_joysticks                
000027cd  init_pantalla                 
00002495  init_port3                    
00003a21  init_spi_lcd_tactil           
000048e1  init_timers                   
0000478d  init_ucs_16MHz                
000047c5  init_ucs_24MHz                
00000000  interruptVectors              
00003f41  ldexp                         
00003f41  ldexpl                        
20000416  linia                         
20000417  linia_seleccionada            
00004579  llegir_aplaudiments           
00004875  llegir_sensor                 
00007068  logoUB8BPP_UNCOMP             
0000439d  main                          
00004d03  memccpy                       
00004445  memcpy                        
00004719  memset                        
000038c1  moure                         
000032e3  moure_robot                   
20000418  musica                        
20000419  nombreAplaudiments            
2000041a  num_aplaudiments_anterior     
2000041b  parar                         
00002991  pintaLogo                     
0000286d  pintar_menu                   
00004c69  play                          
2000041c  playing                       
2000041d  resseguim_default             
000039d5  rotar                         
00003f41  scalbn                        
00003f41  scalbnl                       
00001c9d  setArea                       
00000103  setBackgroundColor            
000000e5  setColor                      
00001f43  setOrientation                
00004be9  sprintf                       
00003923  stop                          
00004d51  strchr                        
00004d67  strlen                        
00004d7b  wcslen                        
00003b1f  writeCommand                  
00003af9  writeData                     


GLOBAL SYMBOLS: SORTED BY Symbol Address 

address   name                          
-------   ----                          
00000000  __TI_static_base__            
00000000  interruptVectors              
000000e5  setColor                      
00000103  setBackgroundColor            
00000121  clearScreen                   
000001af  clearScreenBkg                
00000200  __STACK_SIZE                  
00000237  drawPixel                     
00000267  drawString                    
000003a1  drawCharSm                    
00000447  drawCharSmBkg                 
00000521  drawCharLg                    
000005c9  drawCharLgBkg                 
000006ad  drawCharMd                    
0000075b  drawCharMdBkg                 
000008bd  drawImage                     
000008d5  drawImageLut                  
000009e3  drawImageMono                 
00000a01  drawLogicLine                 
00000b41  drawLine                      
00000d37  drawRect                      
00000d9b  drawCircle                    
00000f1b  fillRect                      
00000fb9  fillCircle                    
00001131  __TI_printfi                  
00001b7f  __aeabi_idiv0                 
00001b7f  __aeabi_ldiv0                 
00001b81  getOrientacion                
00001b87  getLinea                      
00001bd9  getColumna                    
00001c2b  getAltura                     
00001c71  getScreenWidth                
00001c87  getScreenHeight               
00001c9d  setArea                       
00001dfd  initLCD                       
00001f43  setOrientation                
00001fb1  cambiar_orientacion           
00001fd3  halLcdInit                    
00001fdf  halLcdClearScreen             
00002003  halLcdClearScreenBkg          
00002023  halLcdPrintLine               
000020a3  halLcdPrintLineCol            
00002141  halLcdClearLine               
000021b7  halLcdDrawPixel               
00002209  halLcdDrawLine                
0000225d  halLcdDrawRect                
000022b5  halLcdDrawCircle              
00002305  halLcdFillRect                
00002361  halLcdFillCircle              
000023bd  halLcdDrawImageLut            
00002429  init_UART                     
0000247d  Sentit_Dades_Rx               
00002489  Sentit_Dades_Tx               
00002495  init_port3                    
000024bf  TxUACx                        
000024db  TxRxPacket                    
00002505  TxPacket                      
0000262b  RxPacket                      
000027cd  init_pantalla                 
0000286d  pintar_menu                   
00002943  actualitzar_pantalla          
0000296f  EncenderRGB_Launchpad         
00002991  pintaLogo                     
000029cd  borrar_Logo                   
00002b09  SystemCoreClockUpdate         
00002d81  SystemInit                    
000030ad  init_interrupciones_NVIC      
000030d7  EUSCIA0_IRQHandler            
000030d7  EUSCIA0_IRQHandler            
00003105  EUSCIA2_IRQHandler            
00003105  EUSCIA2_IRQHandler            
00003133  TA1_0_IRQHandler              
00003133  TA1_0_IRQHandler              
00003147  PORT5_IRQHandler              
00003147  PORT5_IRQHandler              
000032d1  avancar                       
000032e3  moure_robot                   
000036c1  __aeabi_dsub                  
000036cb  __aeabi_dadd                  
00003879  init_EndlessTurn              
000038c1  moure                         
00003923  stop                          
00003945  endavant                      
0000396b  enrere                        
0000398f  gir                           
000039d5  rotar                         
00003a21  init_spi_lcd_tactil           
00003af9  writeData                     
00003b1f  writeCommand                  
00003b45  delay                         
00003ce5  __aeabi_ddiv                  
00003f41  ldexp                         
00003f41  ldexpl                        
00003f41  scalbn                        
00003f41  scalbnl                       
00004051  __aeabi_dmul                  
0000414d  init_joysticks                
0000422d  init                          
0000439d  main                          
00004445  __aeabi_memcpy                
00004445  __aeabi_memcpy4               
00004445  __aeabi_memcpy8               
00004445  memcpy                        
000044e1  __aeabi_uldivmod              
00004579  llegir_aplaudiments           
000045a5  comprovar_si_vol_comencar     
00004605  __aeabi_cdcmpeq               
00004605  __aeabi_cdcmple               
0000468b  __aeabi_cdrcmple              
00004711  __aeabi_memclr                
00004711  __aeabi_memclr4               
00004711  __aeabi_memclr8               
00004713  __aeabi_memset                
00004713  __aeabi_memset4               
00004713  __aeabi_memset8               
00004719  memset                        
0000478d  init_ucs_16MHz                
000047c5  init_ucs_24MHz                
00004875  llegir_sensor                 
000048a9  calibrar                      
000048e1  init_timers                   
000048fb  TimeOut                       
00004915  Reset_Timeout                 
0000491d  espera                        
00004949  __TI_decompress_lzss          
000049b1  frexp                         
000049b1  frexpl                        
00004a6b  __TI_ltoa                     
00004b11  atoi                          
00004b5d  __aeabi_d2iz                  
00004ba5  __TI_auto_init_nobinit_nopinit
00004be9  sprintf                       
00004c69  play                          
00004ca1  _c_int00_noargs               
00004cd5  __aeabi_i2d                   
00004d03  memccpy                       
00004d1f  copysign                      
00004d1f  copysignl                     
00004d51  strchr                        
00004d67  strlen                        
00004d7b  wcslen                        
00004d8d  __TI_decompress_none          
00004d9b  Reset_Handler                 
00004da7  ADC14_IRQHandler              
00004da7  AES256_IRQHandler             
00004da7  BusFault_Handler              
00004da7  COMP_E0_IRQHandler            
00004da7  COMP_E1_IRQHandler            
00004da7  CS_IRQHandler                 
00004da7  DMA_ERR_IRQHandler            
00004da7  DMA_INT0_IRQHandler           
00004da7  DMA_INT1_IRQHandler           
00004da7  DMA_INT2_IRQHandler           
00004da7  DMA_INT3_IRQHandler           
00004da7  DebugMon_Handler              
00004da7  Default_Handler               
00004da7  EUSCIA1_IRQHandler            
00004da7  EUSCIA3_IRQHandler            
00004da7  EUSCIB0_IRQHandler            
00004da7  EUSCIB1_IRQHandler            
00004da7  EUSCIB2_IRQHandler            
00004da7  EUSCIB3_IRQHandler            
00004da7  FLCTL_IRQHandler              
00004da7  FPU_IRQHandler                
00004da7  HardFault_Handler             
00004da7  MemManage_Handler             
00004da7  NMI_Handler                   
00004da7  PCM_IRQHandler                
00004da7  PORT1_IRQHandler              
00004da7  PORT2_IRQHandler              
00004da7  PORT3_IRQHandler              
00004da7  PORT4_IRQHandler              
00004da7  PORT6_IRQHandler              
00004da7  PSS_IRQHandler                
00004da7  PendSV_Handler                
00004da7  RTC_C_IRQHandler              
00004da7  SVC_Handler                   
00004da7  SysTick_Handler               
00004da7  T32_INT1_IRQHandler           
00004da7  T32_INT2_IRQHandler           
00004da7  T32_INTC_IRQHandler           
00004da7  TA0_0_IRQHandler              
00004da7  TA0_N_IRQHandler              
00004da7  TA1_N_IRQHandler              
00004da7  TA2_0_IRQHandler              
00004da7  TA2_N_IRQHandler              
00004da7  TA3_0_IRQHandler              
00004da7  TA3_N_IRQHandler              
00004da7  UsageFault_Handler            
00004da7  WDT_A_IRQHandler              
00004da9  __TI_zero_init                
00004dc1  __aeabi_errno_addr            
00004dc9  _system_pre_init              
00004dcd  C$$EXIT                       
00004dcd  abort                         
00005ca4  font_11x16                    
000064ce  font_8x12                     
00006d44  font_5x7                      
00006f24  _ctypes_                      
00007068  logoUB8BPP_UNCOMP             
00007094  __TI_Handler_Table_Base       
000070a0  __TI_Handler_Table_Limit      
000070a8  __TI_CINIT_Base               
000070b8  __TI_CINIT_Limit              
20000000  __start___llvm_prf_cnts       
20000000  __stop___llvm_prf_cnts        
20000400  cnt                           
20000404  distancia_inferior            
20000408  distancia_superior            
2000040c  escenari_actual               
20000410  Byte_Recibido                 
20000411  DatoLeido_UART                
20000412  calibrat                      
20000413  comencar                      
20000414  estat_anterior_pantalla       
20000415  estat_pantalla                
20000416  linia                         
20000417  linia_seleccionada            
20000418  musica                        
20000419  nombreAplaudiments            
2000041a  num_aplaudiments_anterior     
2000041b  parar                         
2000041c  playing                       
2000041d  resseguim_default             
20000420  _orientation                  
20000421  Fuente                        
20000422  Color_Fondo                   
20000424  Color_Texto                   
20000426  Color_Fondo_Inv               
20000428  Color_Texto_Inv               
2000042c  QTY                           
20000430  colorLowByte                  
20000431  colorHighByte                 
20000432  bgColorLowByte                
20000433  bgColorHighByte               
20000434  errno                         
20000438  SystemCoreClock               
2000fe00  __stack                       
20010000  __STACK_END                   
4000480c  WDTCTL_SYM                    
ffffffff  __TI_pprof_out_hndl           
ffffffff  __TI_prof_data_size           
ffffffff  __TI_prof_data_start          
ffffffff  __binit__                     
ffffffff  __c_args__                    
ffffffff  binit                         
UNDEFED   __mpu_init                    
UNDEFED   _system_post_cinit            

[248 symbols]
