<?xml version="1.0" encoding="ISO-8859-1" ?>
<link_info>
   <banner>TI ARM Linker Unix v20.2.5.LTS</banner>
   <copyright>Copyright (c) 1996-2018 Texas Instruments Incorporated</copyright>
   <link_time>0x6663f968</link_time>
   <link_errors>0x0</link_errors>
   <output_file>ProjecteFinal.out</output_file>
   <entry_point>
      <name>_c_int00_noargs</name>
      <address>0x4ca1</address>
   </entry_point>
   <input_file_list>
      <input_file id="fl-1">
         <path>./</path>
         <kind>object</kind>
         <file>aplic_led.obj</file>
         <name>aplic_led.obj</name>
      </input_file>
      <input_file id="fl-2">
         <path>./</path>
         <kind>object</kind>
         <file>aplic_motor.obj</file>
         <name>aplic_motor.obj</name>
      </input_file>
      <input_file id="fl-3">
         <path>./</path>
         <kind>object</kind>
         <file>aplic_moviments.obj</file>
         <name>aplic_moviments.obj</name>
      </input_file>
      <input_file id="fl-4">
         <path>./</path>
         <kind>object</kind>
         <file>aplic_musica.obj</file>
         <name>aplic_musica.obj</name>
      </input_file>
      <input_file id="fl-5">
         <path>./</path>
         <kind>object</kind>
         <file>aplic_sensor.obj</file>
         <name>aplic_sensor.obj</name>
      </input_file>
      <input_file id="fl-6">
         <path>./</path>
         <kind>object</kind>
         <file>aplic_sound.obj</file>
         <name>aplic_sound.obj</name>
      </input_file>
      <input_file id="fl-7">
         <path>./</path>
         <kind>object</kind>
         <file>config_Transport.obj</file>
         <name>config_Transport.obj</name>
      </input_file>
      <input_file id="fl-8">
         <path>./</path>
         <kind>object</kind>
         <file>config_interrupcions.obj</file>
         <name>config_interrupcions.obj</name>
      </input_file>
      <input_file id="fl-9">
         <path>./</path>
         <kind>object</kind>
         <file>config_joysticks.obj</file>
         <name>config_joysticks.obj</name>
      </input_file>
      <input_file id="fl-a">
         <path>./</path>
         <kind>object</kind>
         <file>config_pantalla.obj</file>
         <name>config_pantalla.obj</name>
      </input_file>
      <input_file id="fl-b">
         <path>./</path>
         <kind>object</kind>
         <file>config_timer.obj</file>
         <name>config_timer.obj</name>
      </input_file>
      <input_file id="fl-c">
         <path>./</path>
         <kind>object</kind>
         <file>init.obj</file>
         <name>init.obj</name>
      </input_file>
      <input_file id="fl-d">
         <path>./</path>
         <kind>object</kind>
         <file>logoUB_256.obj</file>
         <name>logoUB_256.obj</name>
      </input_file>
      <input_file id="fl-e">
         <path>./</path>
         <kind>object</kind>
         <file>main.obj</file>
         <name>main.obj</name>
      </input_file>
      <input_file id="fl-f">
         <path>./</path>
         <kind>object</kind>
         <file>startup_msp432p401r_ccs.obj</file>
         <name>startup_msp432p401r_ccs.obj</name>
      </input_file>
      <input_file id="fl-10">
         <path>./</path>
         <kind>object</kind>
         <file>system_msp432p401r.obj</file>
         <name>system_msp432p401r.obj</name>
      </input_file>
      <input_file id="fl-16">
         <kind>object</kind>
         <file>&lt;internal&gt;</file>
         <name>&lt;internal&gt;</name>
      </input_file>
      <input_file id="fl-17">
         <path>../</path>
         <kind>archive</kind>
         <file>lib_PAE.lib</file>
         <name>Inicializacion.obj</name>
      </input_file>
      <input_file id="fl-18">
         <path>../</path>
         <kind>archive</kind>
         <file>lib_PAE.lib</file>
         <name>lcd.obj</name>
      </input_file>
      <input_file id="fl-19">
         <path>../</path>
         <kind>archive</kind>
         <file>lib_PAE.lib</file>
         <name>msp_LCD.obj</name>
      </input_file>
      <input_file id="fl-1a">
         <path>../</path>
         <kind>archive</kind>
         <file>lib_PAE.lib</file>
         <name>graphics.obj</name>
      </input_file>
      <input_file id="fl-d0">
         <path>/Applications/TI/ccs/tools/compiler/ti-cgt-arm_20.2.5.LTS/lib/</path>
         <kind>archive</kind>
         <file>rtsv7M4_T_le_v4SPD16_eabi.lib</file>
         <name>sprintf.c.obj</name>
      </input_file>
      <input_file id="fl-d1">
         <path>/Applications/TI/ccs/tools/compiler/ti-cgt-arm_20.2.5.LTS/lib/</path>
         <kind>archive</kind>
         <file>rtsv7M4_T_le_v4SPD16_eabi.lib</file>
         <name>memcpy_t2.asm.obj</name>
      </input_file>
      <input_file id="fl-d2">
         <path>/Applications/TI/ccs/tools/compiler/ti-cgt-arm_20.2.5.LTS/lib/</path>
         <kind>archive</kind>
         <file>rtsv7M4_T_le_v4SPD16_eabi.lib</file>
         <name>copy_zero_init.c.obj</name>
      </input_file>
      <input_file id="fl-d3">
         <path>/Applications/TI/ccs/tools/compiler/ti-cgt-arm_20.2.5.LTS/lib/</path>
         <kind>archive</kind>
         <file>rtsv7M4_T_le_v4SPD16_eabi.lib</file>
         <name>copy_decompress_none.c.obj</name>
      </input_file>
      <input_file id="fl-d4">
         <path>/Applications/TI/ccs/tools/compiler/ti-cgt-arm_20.2.5.LTS/lib/</path>
         <kind>archive</kind>
         <file>rtsv7M4_T_le_v4SPD16_eabi.lib</file>
         <name>copy_decompress_lzss.c.obj</name>
      </input_file>
      <input_file id="fl-d5">
         <path>/Applications/TI/ccs/tools/compiler/ti-cgt-arm_20.2.5.LTS/lib/</path>
         <kind>archive</kind>
         <file>rtsv7M4_T_le_v4SPD16_eabi.lib</file>
         <name>boot_cortex_m.c.obj</name>
      </input_file>
      <input_file id="fl-d6">
         <path>/Applications/TI/ccs/tools/compiler/ti-cgt-arm_20.2.5.LTS/lib/</path>
         <kind>archive</kind>
         <file>rtsv7M4_T_le_v4SPD16_eabi.lib</file>
         <name>_printfi.c.obj</name>
      </input_file>
      <input_file id="fl-d7">
         <path>/Applications/TI/ccs/tools/compiler/ti-cgt-arm_20.2.5.LTS/lib/</path>
         <kind>archive</kind>
         <file>rtsv7M4_T_le_v4SPD16_eabi.lib</file>
         <name>s_frexp.c.obj</name>
      </input_file>
      <input_file id="fl-d8">
         <path>/Applications/TI/ccs/tools/compiler/ti-cgt-arm_20.2.5.LTS/lib/</path>
         <kind>archive</kind>
         <file>rtsv7M4_T_le_v4SPD16_eabi.lib</file>
         <name>s_scalbn.c.obj</name>
      </input_file>
      <input_file id="fl-d9">
         <path>/Applications/TI/ccs/tools/compiler/ti-cgt-arm_20.2.5.LTS/lib/</path>
         <kind>archive</kind>
         <file>rtsv7M4_T_le_v4SPD16_eabi.lib</file>
         <name>wcslen.c.obj</name>
      </input_file>
      <input_file id="fl-da">
         <path>/Applications/TI/ccs/tools/compiler/ti-cgt-arm_20.2.5.LTS/lib/</path>
         <kind>archive</kind>
         <file>rtsv7M4_T_le_v4SPD16_eabi.lib</file>
         <name>fd_add_t2.asm.obj</name>
      </input_file>
      <input_file id="fl-db">
         <path>/Applications/TI/ccs/tools/compiler/ti-cgt-arm_20.2.5.LTS/lib/</path>
         <kind>archive</kind>
         <file>rtsv7M4_T_le_v4SPD16_eabi.lib</file>
         <name>fd_cmp_t2.asm.obj</name>
      </input_file>
      <input_file id="fl-dc">
         <path>/Applications/TI/ccs/tools/compiler/ti-cgt-arm_20.2.5.LTS/lib/</path>
         <kind>archive</kind>
         <file>rtsv7M4_T_le_v4SPD16_eabi.lib</file>
         <name>fd_div_t2.asm.obj</name>
      </input_file>
      <input_file id="fl-dd">
         <path>/Applications/TI/ccs/tools/compiler/ti-cgt-arm_20.2.5.LTS/lib/</path>
         <kind>archive</kind>
         <file>rtsv7M4_T_le_v4SPD16_eabi.lib</file>
         <name>fd_mul_t2.asm.obj</name>
      </input_file>
      <input_file id="fl-de">
         <path>/Applications/TI/ccs/tools/compiler/ti-cgt-arm_20.2.5.LTS/lib/</path>
         <kind>archive</kind>
         <file>rtsv7M4_T_le_v4SPD16_eabi.lib</file>
         <name>fd_toi_t2.asm.obj</name>
      </input_file>
      <input_file id="fl-df">
         <path>/Applications/TI/ccs/tools/compiler/ti-cgt-arm_20.2.5.LTS/lib/</path>
         <kind>archive</kind>
         <file>rtsv7M4_T_le_v4SPD16_eabi.lib</file>
         <name>i_tofd_t2.asm.obj</name>
      </input_file>
      <input_file id="fl-e0">
         <path>/Applications/TI/ccs/tools/compiler/ti-cgt-arm_20.2.5.LTS/lib/</path>
         <kind>archive</kind>
         <file>rtsv7M4_T_le_v4SPD16_eabi.lib</file>
         <name>ull_div_t2.asm.obj</name>
      </input_file>
      <input_file id="fl-e1">
         <path>/Applications/TI/ccs/tools/compiler/ti-cgt-arm_20.2.5.LTS/lib/</path>
         <kind>archive</kind>
         <file>rtsv7M4_T_le_v4SPD16_eabi.lib</file>
         <name>memset_t2.asm.obj</name>
      </input_file>
      <input_file id="fl-e2">
         <path>/Applications/TI/ccs/tools/compiler/ti-cgt-arm_20.2.5.LTS/lib/</path>
         <kind>archive</kind>
         <file>rtsv7M4_T_le_v4SPD16_eabi.lib</file>
         <name>autoinit.c.obj</name>
      </input_file>
      <input_file id="fl-e3">
         <path>/Applications/TI/ccs/tools/compiler/ti-cgt-arm_20.2.5.LTS/lib/</path>
         <kind>archive</kind>
         <file>rtsv7M4_T_le_v4SPD16_eabi.lib</file>
         <name>pre_init.c.obj</name>
      </input_file>
      <input_file id="fl-e4">
         <path>/Applications/TI/ccs/tools/compiler/ti-cgt-arm_20.2.5.LTS/lib/</path>
         <kind>archive</kind>
         <file>rtsv7M4_T_le_v4SPD16_eabi.lib</file>
         <name>cpy_tbl.c.obj</name>
      </input_file>
      <input_file id="fl-e5">
         <path>/Applications/TI/ccs/tools/compiler/ti-cgt-arm_20.2.5.LTS/lib/</path>
         <kind>archive</kind>
         <file>rtsv7M4_T_le_v4SPD16_eabi.lib</file>
         <name>exit.c.obj</name>
      </input_file>
      <input_file id="fl-e6">
         <path>/Applications/TI/ccs/tools/compiler/ti-cgt-arm_20.2.5.LTS/lib/</path>
         <kind>archive</kind>
         <file>rtsv7M4_T_le_v4SPD16_eabi.lib</file>
         <name>_lock.c.obj</name>
      </input_file>
      <input_file id="fl-e7">
         <path>/Applications/TI/ccs/tools/compiler/ti-cgt-arm_20.2.5.LTS/lib/</path>
         <kind>archive</kind>
         <file>rtsv7M4_T_le_v4SPD16_eabi.lib</file>
         <name>_ltoa.c.obj</name>
      </input_file>
      <input_file id="fl-e8">
         <path>/Applications/TI/ccs/tools/compiler/ti-cgt-arm_20.2.5.LTS/lib/</path>
         <kind>archive</kind>
         <file>rtsv7M4_T_le_v4SPD16_eabi.lib</file>
         <name>args_main.c.obj</name>
      </input_file>
      <input_file id="fl-e9">
         <path>/Applications/TI/ccs/tools/compiler/ti-cgt-arm_20.2.5.LTS/lib/</path>
         <kind>archive</kind>
         <file>rtsv7M4_T_le_v4SPD16_eabi.lib</file>
         <name>atoi.c.obj</name>
      </input_file>
      <input_file id="fl-ea">
         <path>/Applications/TI/ccs/tools/compiler/ti-cgt-arm_20.2.5.LTS/lib/</path>
         <kind>archive</kind>
         <file>rtsv7M4_T_le_v4SPD16_eabi.lib</file>
         <name>ctype.c.obj</name>
      </input_file>
      <input_file id="fl-eb">
         <path>/Applications/TI/ccs/tools/compiler/ti-cgt-arm_20.2.5.LTS/lib/</path>
         <kind>archive</kind>
         <file>rtsv7M4_T_le_v4SPD16_eabi.lib</file>
         <name>memccpy.c.obj</name>
      </input_file>
      <input_file id="fl-ec">
         <path>/Applications/TI/ccs/tools/compiler/ti-cgt-arm_20.2.5.LTS/lib/</path>
         <kind>archive</kind>
         <file>rtsv7M4_T_le_v4SPD16_eabi.lib</file>
         <name>strchr.c.obj</name>
      </input_file>
      <input_file id="fl-ed">
         <path>/Applications/TI/ccs/tools/compiler/ti-cgt-arm_20.2.5.LTS/lib/</path>
         <kind>archive</kind>
         <file>rtsv7M4_T_le_v4SPD16_eabi.lib</file>
         <name>strlen.c.obj</name>
      </input_file>
      <input_file id="fl-ee">
         <path>/Applications/TI/ccs/tools/compiler/ti-cgt-arm_20.2.5.LTS/lib/</path>
         <kind>archive</kind>
         <file>rtsv7M4_T_le_v4SPD16_eabi.lib</file>
         <name>errno.c.obj</name>
      </input_file>
      <input_file id="fl-ef">
         <path>/Applications/TI/ccs/tools/compiler/ti-cgt-arm_20.2.5.LTS/lib/</path>
         <kind>archive</kind>
         <file>rtsv7M4_T_le_v4SPD16_eabi.lib</file>
         <name>s_copysign.c.obj</name>
      </input_file>
      <input_file id="fl-f0">
         <path>/Applications/TI/ccs/tools/compiler/ti-cgt-arm_20.2.5.LTS/lib/</path>
         <kind>archive</kind>
         <file>rtsv7M4_T_le_v4SPD16_eabi.lib</file>
         <name>div0.asm.obj</name>
      </input_file>
   </input_file_list>
   <object_component_list>
      <object_component id="oc-26">
         <name>.intvecs:retain</name>
         <load_address>0x0</load_address>
         <run_address>0x0</run_address>
         <size>0xe4</size>
         <input_file_ref idref="fl-f"/>
      </object_component>
      <object_component id="oc-206">
         <name>.text</name>
         <load_address>0xe4</load_address>
         <run_address>0xe4</run_address>
         <size>0x104c</size>
         <input_file_ref idref="fl-1a"/>
      </object_component>
      <object_component id="oc-219">
         <name>.text:__TI_printfi</name>
         <load_address>0x1130</load_address>
         <run_address>0x1130</run_address>
         <size>0xa4e</size>
         <input_file_ref idref="fl-d6"/>
      </object_component>
      <object_component id="oc-38b">
         <name>.text</name>
         <load_address>0x1b7e</load_address>
         <run_address>0x1b7e</run_address>
         <size>0x2</size>
         <input_file_ref idref="fl-f0"/>
      </object_component>
      <object_component id="oc-1ba">
         <name>.text</name>
         <load_address>0x1b80</load_address>
         <run_address>0x1b80</run_address>
         <size>0x8a8</size>
         <input_file_ref idref="fl-18"/>
      </object_component>
      <object_component id="oc-199">
         <name>.text</name>
         <load_address>0x2428</load_address>
         <run_address>0x2428</run_address>
         <size>0x3a4</size>
         <input_file_ref idref="fl-7"/>
      </object_component>
      <object_component id="oc-106">
         <name>.text</name>
         <load_address>0x27cc</load_address>
         <run_address>0x27cc</run_address>
         <size>0x33c</size>
         <input_file_ref idref="fl-a"/>
      </object_component>
      <object_component id="oc-ab">
         <name>.text</name>
         <load_address>0x2b08</load_address>
         <run_address>0x2b08</run_address>
         <size>0x334</size>
         <input_file_ref idref="fl-10"/>
      </object_component>
      <object_component id="oc-2af">
         <name>.text:_pconv_a</name>
         <load_address>0x2e3c</load_address>
         <run_address>0x2e3c</run_address>
         <size>0x270</size>
         <input_file_ref idref="fl-d6"/>
      </object_component>
      <object_component id="oc-6d">
         <name>.text</name>
         <load_address>0x30ac</load_address>
         <run_address>0x30ac</run_address>
         <size>0x224</size>
         <input_file_ref idref="fl-8"/>
      </object_component>
      <object_component id="oc-112">
         <name>.text</name>
         <load_address>0x32d0</load_address>
         <run_address>0x32d0</run_address>
         <size>0x220</size>
         <input_file_ref idref="fl-3"/>
      </object_component>
      <object_component id="oc-29d">
         <name>.text:_pconv_g</name>
         <load_address>0x34f0</load_address>
         <run_address>0x34f0</run_address>
         <size>0x1d0</size>
         <input_file_ref idref="fl-d6"/>
      </object_component>
      <object_component id="oc-32b">
         <name>.text</name>
         <load_address>0x36c0</load_address>
         <run_address>0x36c0</run_address>
         <size>0x1b6</size>
         <input_file_ref idref="fl-da"/>
      </object_component>
      <object_component id="oc-1ab">
         <name>.text</name>
         <load_address>0x3878</load_address>
         <run_address>0x3878</run_address>
         <size>0x1a8</size>
         <input_file_ref idref="fl-2"/>
      </object_component>
      <object_component id="oc-200">
         <name>.text</name>
         <load_address>0x3a20</load_address>
         <run_address>0x3a20</run_address>
         <size>0x188</size>
         <input_file_ref idref="fl-19"/>
      </object_component>
      <object_component id="oc-2a9">
         <name>.text:_pconv_e</name>
         <load_address>0x3ba8</load_address>
         <run_address>0x3ba8</run_address>
         <size>0x13c</size>
         <input_file_ref idref="fl-d6"/>
      </object_component>
      <object_component id="oc-311">
         <name>.text</name>
         <load_address>0x3ce4</load_address>
         <run_address>0x3ce4</run_address>
         <size>0x136</size>
         <input_file_ref idref="fl-dc"/>
      </object_component>
      <object_component id="oc-33d">
         <name>.text:fcvt</name>
         <load_address>0x3e1c</load_address>
         <run_address>0x3e1c</run_address>
         <size>0x124</size>
         <input_file_ref idref="fl-d6"/>
      </object_component>
      <object_component id="oc-351">
         <name>.text:scalbn</name>
         <load_address>0x3f40</load_address>
         <run_address>0x3f40</run_address>
         <size>0x110</size>
         <input_file_ref idref="fl-d8"/>
      </object_component>
      <object_component id="oc-30c">
         <name>.text</name>
         <load_address>0x4050</load_address>
         <run_address>0x4050</run_address>
         <size>0xfc</size>
         <input_file_ref idref="fl-dd"/>
      </object_component>
      <object_component id="oc-19f">
         <name>.text</name>
         <load_address>0x414c</load_address>
         <run_address>0x414c</run_address>
         <size>0xe0</size>
         <input_file_ref idref="fl-9"/>
      </object_component>
      <object_component id="oc-f4">
         <name>.text</name>
         <load_address>0x422c</load_address>
         <run_address>0x422c</run_address>
         <size>0xbc</size>
         <input_file_ref idref="fl-c"/>
      </object_component>
      <object_component id="oc-292">
         <name>.text:_ltostr</name>
         <load_address>0x42e8</load_address>
         <run_address>0x42e8</run_address>
         <size>0xb1</size>
         <input_file_ref idref="fl-d6"/>
      </object_component>
      <object_component id="oc-99">
         <name>.text</name>
         <load_address>0x439c</load_address>
         <run_address>0x439c</run_address>
         <size>0xa8</size>
         <input_file_ref idref="fl-e"/>
      </object_component>
      <object_component id="oc-37">
         <name>.text</name>
         <load_address>0x4444</load_address>
         <run_address>0x4444</run_address>
         <size>0x9c</size>
         <input_file_ref idref="fl-d1"/>
      </object_component>
      <object_component id="oc-305">
         <name>.text</name>
         <load_address>0x44e0</load_address>
         <run_address>0x44e0</run_address>
         <size>0x96</size>
         <input_file_ref idref="fl-e0"/>
      </object_component>
      <object_component id="oc-10c">
         <name>.text</name>
         <load_address>0x4578</load_address>
         <run_address>0x4578</run_address>
         <size>0x8c</size>
         <input_file_ref idref="fl-6"/>
      </object_component>
      <object_component id="oc-298">
         <name>.text:__aeabi_cdcmple</name>
         <load_address>0x4604</load_address>
         <run_address>0x4604</run_address>
         <size>0x86</size>
         <input_file_ref idref="fl-db"/>
      </object_component>
      <object_component id="oc-316">
         <name>.text:__aeabi_cdrcmple</name>
         <load_address>0x468a</load_address>
         <run_address>0x468a</run_address>
         <size>0x86</size>
         <input_file_ref idref="fl-db"/>
      </object_component>
      <object_component id="oc-8d">
         <name>.text</name>
         <load_address>0x4710</load_address>
         <run_address>0x4710</run_address>
         <size>0x7a</size>
         <input_file_ref idref="fl-e1"/>
      </object_component>
      <object_component id="oc-193">
         <name>.text</name>
         <load_address>0x478c</load_address>
         <run_address>0x478c</run_address>
         <size>0x78</size>
         <input_file_ref idref="fl-17"/>
      </object_component>
      <object_component id="oc-336">
         <name>.text:_mcpy</name>
         <load_address>0x4804</load_address>
         <run_address>0x4804</run_address>
         <size>0x6e</size>
         <input_file_ref idref="fl-d6"/>
      </object_component>
      <object_component id="oc-100">
         <name>.text</name>
         <load_address>0x4874</load_address>
         <run_address>0x4874</run_address>
         <size>0x6c</size>
         <input_file_ref idref="fl-5"/>
      </object_component>
      <object_component id="oc-1a5">
         <name>.text</name>
         <load_address>0x48e0</load_address>
         <run_address>0x48e0</run_address>
         <size>0x68</size>
         <input_file_ref idref="fl-b"/>
      </object_component>
      <object_component id="oc-17">
         <name>.text:decompress:lzss:__TI_decompress_lzss</name>
         <load_address>0x4948</load_address>
         <run_address>0x4948</run_address>
         <size>0x68</size>
         <input_file_ref idref="fl-d4"/>
      </object_component>
      <object_component id="oc-34b">
         <name>.text:frexp</name>
         <load_address>0x49b0</load_address>
         <run_address>0x49b0</run_address>
         <size>0x64</size>
         <input_file_ref idref="fl-d7"/>
      </object_component>
      <object_component id="oc-2a3">
         <name>.text:_pconv_f</name>
         <load_address>0x4a14</load_address>
         <run_address>0x4a14</run_address>
         <size>0x56</size>
         <input_file_ref idref="fl-d6"/>
      </object_component>
      <object_component id="oc-320">
         <name>.text:__TI_ltoa</name>
         <load_address>0x4a6a</load_address>
         <run_address>0x4a6a</run_address>
         <size>0x54</size>
         <input_file_ref idref="fl-e7"/>
      </object_component>
      <object_component id="oc-330">
         <name>.text:_ecpy</name>
         <load_address>0x4abe</load_address>
         <run_address>0x4abe</run_address>
         <size>0x52</size>
         <input_file_ref idref="fl-d6"/>
      </object_component>
      <object_component id="oc-28c">
         <name>.text:atoi</name>
         <load_address>0x4b10</load_address>
         <run_address>0x4b10</run_address>
         <size>0x4c</size>
         <input_file_ref idref="fl-e9"/>
      </object_component>
      <object_component id="oc-31b">
         <name>.text</name>
         <load_address>0x4b5c</load_address>
         <run_address>0x4b5c</run_address>
         <size>0x48</size>
         <input_file_ref idref="fl-de"/>
      </object_component>
      <object_component id="oc-12a">
         <name>.text:__TI_auto_init_nobinit_nopinit:__TI_auto_init_nobinit_nopinit</name>
         <load_address>0x4ba4</load_address>
         <run_address>0x4ba4</run_address>
         <size>0x44</size>
         <input_file_ref idref="fl-e2"/>
      </object_component>
      <object_component id="oc-1c0">
         <name>.text:sprintf</name>
         <load_address>0x4be8</load_address>
         <run_address>0x4be8</run_address>
         <size>0x40</size>
         <input_file_ref idref="fl-d0"/>
      </object_component>
      <object_component id="oc-343">
         <name>.text:_fcpy</name>
         <load_address>0x4c28</load_address>
         <run_address>0x4c28</run_address>
         <size>0x3e</size>
         <input_file_ref idref="fl-d6"/>
      </object_component>
      <object_component id="oc-fa">
         <name>.text</name>
         <load_address>0x4c68</load_address>
         <run_address>0x4c68</run_address>
         <size>0x38</size>
         <input_file_ref idref="fl-4"/>
      </object_component>
      <object_component id="oc-55">
         <name>.text:_c_int00_noargs:_c_int00_noargs</name>
         <load_address>0x4ca0</load_address>
         <run_address>0x4ca0</run_address>
         <size>0x34</size>
         <input_file_ref idref="fl-d5"/>
      </object_component>
      <object_component id="oc-326">
         <name>.text</name>
         <load_address>0x4cd4</load_address>
         <run_address>0x4cd4</run_address>
         <size>0x2e</size>
         <input_file_ref idref="fl-df"/>
      </object_component>
      <object_component id="oc-2b5">
         <name>.text:memccpy</name>
         <load_address>0x4d02</load_address>
         <run_address>0x4d02</run_address>
         <size>0x1c</size>
         <input_file_ref idref="fl-eb"/>
      </object_component>
      <object_component id="oc-3a4">
         <name>.text:copysign</name>
         <load_address>0x4d1e</load_address>
         <run_address>0x4d1e</run_address>
         <size>0x1a</size>
         <input_file_ref idref="fl-ef"/>
      </object_component>
      <object_component id="oc-21f">
         <name>.text:_outs</name>
         <load_address>0x4d38</load_address>
         <run_address>0x4d38</run_address>
         <size>0x18</size>
         <input_file_ref idref="fl-d0"/>
      </object_component>
      <object_component id="oc-357">
         <name>.text:strchr</name>
         <load_address>0x4d50</load_address>
         <run_address>0x4d50</run_address>
         <size>0x16</size>
         <input_file_ref idref="fl-ec"/>
      </object_component>
      <object_component id="oc-286">
         <name>.text:strlen</name>
         <load_address>0x4d66</load_address>
         <run_address>0x4d66</run_address>
         <size>0x14</size>
         <input_file_ref idref="fl-ed"/>
      </object_component>
      <object_component id="oc-2bb">
         <name>.text:wcslen</name>
         <load_address>0x4d7a</load_address>
         <run_address>0x4d7a</run_address>
         <size>0x12</size>
         <input_file_ref idref="fl-d9"/>
      </object_component>
      <object_component id="oc-1d">
         <name>.text:decompress:none:__TI_decompress_none</name>
         <load_address>0x4d8c</load_address>
         <run_address>0x4d8c</run_address>
         <size>0xe</size>
         <input_file_ref idref="fl-d3"/>
      </object_component>
      <object_component id="oc-67">
         <name>.text</name>
         <load_address>0x4d9a</load_address>
         <run_address>0x4d9a</run_address>
         <size>0xe</size>
         <input_file_ref idref="fl-f"/>
      </object_component>
      <object_component id="oc-49">
         <name>.text:decompress:ZI:__TI_zero_init</name>
         <load_address>0x4da8</load_address>
         <run_address>0x4da8</run_address>
         <size>0xc</size>
         <input_file_ref idref="fl-d2"/>
      </object_component>
      <object_component id="oc-225">
         <name>.text:_outc</name>
         <load_address>0x4db4</load_address>
         <run_address>0x4db4</run_address>
         <size>0xa</size>
         <input_file_ref idref="fl-d0"/>
      </object_component>
      <object_component id="oc-2c1">
         <name>.text:__aeabi_errno_addr</name>
         <load_address>0x4dc0</load_address>
         <run_address>0x4dc0</run_address>
         <size>0x8</size>
         <input_file_ref idref="fl-ee"/>
      </object_component>
      <object_component id="oc-93">
         <name>.text:_system_pre_init</name>
         <load_address>0x4dc8</load_address>
         <run_address>0x4dc8</run_address>
         <size>0x4</size>
         <input_file_ref idref="fl-e3"/>
      </object_component>
      <object_component id="oc-11e">
         <name>.text:abort:abort</name>
         <load_address>0x4dcc</load_address>
         <run_address>0x4dcc</run_address>
         <size>0x4</size>
         <input_file_ref idref="fl-e5"/>
      </object_component>
      <object_component id="oc-237">
         <name>.const:.string:pixel_logoUB8BPP_UNCOMP</name>
         <load_address>0x4dd0</load_address>
         <run_address>0x4dd0</run_address>
         <size>0xed3</size>
         <input_file_ref idref="fl-d"/>
      </object_component>
      <object_component id="oc-26b">
         <name>.const:font_11x16</name>
         <load_address>0x5ca4</load_address>
         <run_address>0x5ca4</run_address>
         <size>0x82a</size>
         <input_file_ref idref="fl-1a"/>
      </object_component>
      <object_component id="oc-26e">
         <name>.const:font_8x12</name>
         <load_address>0x64ce</load_address>
         <run_address>0x64ce</run_address>
         <size>0x474</size>
         <input_file_ref idref="fl-1a"/>
      </object_component>
      <object_component id="oc-234">
         <name>.const:palette_logoUB8BPP_UNCOMP</name>
         <load_address>0x6944</load_address>
         <run_address>0x6944</run_address>
         <size>0x400</size>
         <input_file_ref idref="fl-d"/>
      </object_component>
      <object_component id="oc-268">
         <name>.const:font_5x7</name>
         <load_address>0x6d44</load_address>
         <run_address>0x6d44</run_address>
         <size>0x1e0</size>
         <input_file_ref idref="fl-1a"/>
      </object_component>
      <object_component id="oc-300">
         <name>.const:.string:_ctypes_</name>
         <load_address>0x6f24</load_address>
         <run_address>0x6f24</run_address>
         <size>0x101</size>
         <input_file_ref idref="fl-ea"/>
      </object_component>
      <object_component id="oc-1f3">
         <name>.const:.string:$P$T0$1</name>
         <load_address>0x7025</load_address>
         <run_address>0x7025</run_address>
         <size>0x12</size>
         <input_file_ref idref="fl-7"/>
      </object_component>
      <object_component id="oc-1fc">
         <name>.const:.string:$P$T0$1</name>
         <load_address>0x7037</load_address>
         <run_address>0x7037</run_address>
         <size>0x10</size>
         <input_file_ref idref="fl-2"/>
      </object_component>
      <object_component id="oc-20c">
         <name>.const:.string:$P$T0$1</name>
         <load_address>0x7047</load_address>
         <run_address>0x7047</run_address>
         <size>0x10</size>
         <input_file_ref idref="fl-18"/>
      </object_component>
      <object_component id="oc-20f">
         <name>.const:.string:$P$T1$2</name>
         <load_address>0x7057</load_address>
         <run_address>0x7057</run_address>
         <size>0x10</size>
         <input_file_ref idref="fl-18"/>
      </object_component>
      <object_component id="oc-1c9">
         <name>.const:logoUB8BPP_UNCOMP</name>
         <load_address>0x7068</load_address>
         <run_address>0x7068</run_address>
         <size>0x10</size>
         <input_file_ref idref="fl-d"/>
      </object_component>
      <object_component id="oc-402">
         <name>.cinit..data.load</name>
         <load_address>0x7078</load_address>
         <run_address>0x7078</run_address>
         <size>0x1b</size>
      </object_component>
      <object_component id="oc-400">
         <name>__TI_handler_table</name>
         <load_address>0x7094</load_address>
         <run_address>0x7094</run_address>
         <size>0xc</size>
      </object_component>
      <object_component id="oc-403">
         <name>.cinit..bss.load</name>
         <load_address>0x70a0</load_address>
         <run_address>0x70a0</run_address>
         <size>0x8</size>
      </object_component>
      <object_component id="oc-401">
         <name>__TI_cinit_table</name>
         <load_address>0x70a8</load_address>
         <run_address>0x70a8</run_address>
         <size>0x10</size>
      </object_component>
      <object_component id="oc-3d4">
         <name>.binit</name>
         <load_address>0x0</load_address>
         <run_address>0x0</run_address>
         <size>0x0</size>
      </object_component>
      <object_component id="oc-1f6">
         <name>.data</name>
         <load_address>0x2000042c</load_address>
         <run_address>0x2000042c</run_address>
         <size>0x4</size>
         <input_file_ref idref="fl-7"/>
      </object_component>
      <object_component id="oc-15c">
         <name>.data</name>
         <load_address>0x20000438</load_address>
         <run_address>0x20000438</run_address>
         <size>0x4</size>
         <input_file_ref idref="fl-10"/>
      </object_component>
      <object_component id="oc-1c6">
         <name>.data</name>
         <load_address>0x20000420</load_address>
         <run_address>0x20000420</run_address>
         <size>0xa</size>
         <input_file_ref idref="fl-18"/>
      </object_component>
      <object_component id="oc-265">
         <name>.data</name>
         <load_address>0x20000430</load_address>
         <run_address>0x20000430</run_address>
         <size>0x4</size>
         <input_file_ref idref="fl-1a"/>
      </object_component>
      <object_component id="oc-367">
         <name>.data</name>
         <load_address>0x20000434</load_address>
         <run_address>0x20000434</run_address>
         <size>0x4</size>
         <input_file_ref idref="fl-ee"/>
      </object_component>
      <object_component id="oc-271">
         <name>.bss:g_pulConvertedPalette</name>
         <uninitialized>true</uninitialized>
         <run_address>0x20000000</run_address>
         <size>0x400</size>
         <input_file_ref idref="fl-1a"/>
      </object_component>
      <object_component id="oc-b2">
         <name>.common:DatoLeido_UART</name>
         <uninitialized>true</uninitialized>
         <run_address>0x20000411</run_address>
         <size>0x1</size>
      </object_component>
      <object_component id="oc-cd">
         <name>.common:Byte_Recibido</name>
         <uninitialized>true</uninitialized>
         <run_address>0x20000410</run_address>
         <size>0x1</size>
      </object_component>
      <object_component id="oc-ce">
         <name>.common:cnt</name>
         <uninitialized>true</uninitialized>
         <run_address>0x20000400</run_address>
         <size>0x4</size>
      </object_component>
      <object_component id="oc-1b1">
         <name>.common:distancia_inferior</name>
         <uninitialized>true</uninitialized>
         <run_address>0x20000404</run_address>
         <size>0x4</size>
      </object_component>
      <object_component id="oc-1b2">
         <name>.common:distancia_superior</name>
         <uninitialized>true</uninitialized>
         <run_address>0x20000408</run_address>
         <size>0x4</size>
      </object_component>
      <object_component id="oc-1b3">
         <name>.common:escenari_actual</name>
         <uninitialized>true</uninitialized>
         <run_address>0x2000040c</run_address>
         <size>0x4</size>
      </object_component>
      <object_component id="oc-d5">
         <name>.common:resseguim_default</name>
         <uninitialized>true</uninitialized>
         <run_address>0x2000041d</run_address>
         <size>0x1</size>
      </object_component>
      <object_component id="oc-1cc">
         <name>.common:linia</name>
         <uninitialized>true</uninitialized>
         <run_address>0x20000416</run_address>
         <size>0x1</size>
      </object_component>
      <object_component id="oc-cf">
         <name>.common:linia_seleccionada</name>
         <uninitialized>true</uninitialized>
         <run_address>0x20000417</run_address>
         <size>0x1</size>
      </object_component>
      <object_component id="oc-d1">
         <name>.common:estat_pantalla</name>
         <uninitialized>true</uninitialized>
         <run_address>0x20000415</run_address>
         <size>0x1</size>
      </object_component>
      <object_component id="oc-d0">
         <name>.common:estat_anterior_pantalla</name>
         <uninitialized>true</uninitialized>
         <run_address>0x20000414</run_address>
         <size>0x1</size>
      </object_component>
      <object_component id="oc-d2">
         <name>.common:comencar</name>
         <uninitialized>true</uninitialized>
         <run_address>0x20000413</run_address>
         <size>0x1</size>
      </object_component>
      <object_component id="oc-d3">
         <name>.common:parar</name>
         <uninitialized>true</uninitialized>
         <run_address>0x2000041b</run_address>
         <size>0x1</size>
      </object_component>
      <object_component id="oc-d4">
         <name>.common:calibrat</name>
         <uninitialized>true</uninitialized>
         <run_address>0x20000412</run_address>
         <size>0x1</size>
      </object_component>
      <object_component id="oc-d6">
         <name>.common:musica</name>
         <uninitialized>true</uninitialized>
         <run_address>0x20000418</run_address>
         <size>0x1</size>
      </object_component>
      <object_component id="oc-1b4">
         <name>.common:playing</name>
         <uninitialized>true</uninitialized>
         <run_address>0x2000041c</run_address>
         <size>0x1</size>
      </object_component>
      <object_component id="oc-1b6">
         <name>.common:num_aplaudiments_anterior</name>
         <uninitialized>true</uninitialized>
         <run_address>0x2000041a</run_address>
         <size>0x1</size>
      </object_component>
      <object_component id="oc-1b5">
         <name>.common:nombreAplaudiments</name>
         <uninitialized>true</uninitialized>
         <run_address>0x20000419</run_address>
         <size>0x1</size>
      </object_component>
      <object_component id="oc-29">
         <name>.stack</name>
         <uninitialized>true</uninitialized>
         <run_address>0x2000fe00</run_address>
         <size>0x4</size>
         <input_file_ref idref="fl-d5"/>
      </object_component>
      <object_component id="oc-405">
         <name>.stack</name>
         <uninitialized>true</uninitialized>
         <run_address>0x2000fe00</run_address>
         <size>0x0</size>
      </object_component>
      <object_component id="oc-bb">
         <name>.debug_info</name>
         <load_address>0x0</load_address>
         <run_address>0x0</run_address>
         <size>0x90f</size>
         <input_file_ref idref="fl-1"/>
      </object_component>
      <object_component id="oc-df">
         <name>.debug_info</name>
         <load_address>0x90f</load_address>
         <run_address>0x90f</run_address>
         <size>0x26b</size>
         <input_file_ref idref="fl-1"/>
      </object_component>
      <object_component id="oc-167">
         <name>.debug_info</name>
         <load_address>0xb7a</load_address>
         <run_address>0xb7a</run_address>
         <size>0x1055</size>
         <input_file_ref idref="fl-1"/>
      </object_component>
      <object_component id="oc-179">
         <name>.debug_info</name>
         <load_address>0x1bcf</load_address>
         <run_address>0x1bcf</run_address>
         <size>0x37e2</size>
         <input_file_ref idref="fl-1"/>
      </object_component>
      <object_component id="oc-16c">
         <name>.debug_info</name>
         <load_address>0x53b1</load_address>
         <run_address>0x53b1</run_address>
         <size>0xb2</size>
         <input_file_ref idref="fl-1"/>
      </object_component>
      <object_component id="oc-119">
         <name>.debug_info</name>
         <load_address>0x5463</load_address>
         <run_address>0x5463</run_address>
         <size>0x83</size>
         <input_file_ref idref="fl-1"/>
      </object_component>
      <object_component id="oc-32">
         <name>.debug_info</name>
         <load_address>0x54e6</load_address>
         <run_address>0x54e6</run_address>
         <size>0x84</size>
         <input_file_ref idref="fl-1"/>
      </object_component>
      <object_component id="oc-18e">
         <name>.debug_info</name>
         <load_address>0x556a</load_address>
         <run_address>0x556a</run_address>
         <size>0x2a4</size>
         <input_file_ref idref="fl-1"/>
      </object_component>
      <object_component id="oc-d8">
         <name>.debug_info</name>
         <load_address>0x580e</load_address>
         <run_address>0x580e</run_address>
         <size>0xbb</size>
         <input_file_ref idref="fl-1"/>
      </object_component>
      <object_component id="oc-22d">
         <name>.debug_info</name>
         <load_address>0x58c9</load_address>
         <run_address>0x58c9</run_address>
         <size>0x2c</size>
         <input_file_ref idref="fl-1"/>
      </object_component>
      <object_component id="oc-bd">
         <name>.debug_info</name>
         <load_address>0x58f5</load_address>
         <run_address>0x58f5</run_address>
         <size>0x903</size>
         <input_file_ref idref="fl-2"/>
      </object_component>
      <object_component id="oc-1fd">
         <name>.debug_info</name>
         <load_address>0x61f8</load_address>
         <run_address>0x61f8</run_address>
         <size>0x10d</size>
         <input_file_ref idref="fl-2"/>
      </object_component>
      <object_component id="oc-1ac">
         <name>.debug_info</name>
         <load_address>0x6305</load_address>
         <run_address>0x6305</run_address>
         <size>0x6e3</size>
         <input_file_ref idref="fl-2"/>
      </object_component>
      <object_component id="oc-bf">
         <name>.debug_info</name>
         <load_address>0x69e8</load_address>
         <run_address>0x69e8</run_address>
         <size>0x92f</size>
         <input_file_ref idref="fl-3"/>
      </object_component>
      <object_component id="oc-113">
         <name>.debug_info</name>
         <load_address>0x7317</load_address>
         <run_address>0x7317</run_address>
         <size>0x338</size>
         <input_file_ref idref="fl-3"/>
      </object_component>
      <object_component id="oc-162">
         <name>.debug_info</name>
         <load_address>0x764f</load_address>
         <run_address>0x764f</run_address>
         <size>0x37e2</size>
         <input_file_ref idref="fl-3"/>
      </object_component>
      <object_component id="oc-c1">
         <name>.debug_info</name>
         <load_address>0xae31</load_address>
         <run_address>0xae31</run_address>
         <size>0x8f1</size>
         <input_file_ref idref="fl-4"/>
      </object_component>
      <object_component id="oc-fb">
         <name>.debug_info</name>
         <load_address>0xb722</load_address>
         <run_address>0xb722</run_address>
         <size>0x18c</size>
         <input_file_ref idref="fl-4"/>
      </object_component>
      <object_component id="oc-c3">
         <name>.debug_info</name>
         <load_address>0xb8ae</load_address>
         <run_address>0xb8ae</run_address>
         <size>0x8f1</size>
         <input_file_ref idref="fl-5"/>
      </object_component>
      <object_component id="oc-101">
         <name>.debug_info</name>
         <load_address>0xc19f</load_address>
         <run_address>0xc19f</run_address>
         <size>0x22a</size>
         <input_file_ref idref="fl-5"/>
      </object_component>
      <object_component id="oc-c5">
         <name>.debug_info</name>
         <load_address>0xc3c9</load_address>
         <run_address>0xc3c9</run_address>
         <size>0x8f0</size>
         <input_file_ref idref="fl-6"/>
      </object_component>
      <object_component id="oc-10d">
         <name>.debug_info</name>
         <load_address>0xccb9</load_address>
         <run_address>0xccb9</run_address>
         <size>0x238</size>
         <input_file_ref idref="fl-6"/>
      </object_component>
      <object_component id="oc-c7">
         <name>.debug_info</name>
         <load_address>0xcef1</load_address>
         <run_address>0xcef1</run_address>
         <size>0x955</size>
         <input_file_ref idref="fl-7"/>
      </object_component>
      <object_component id="oc-1f7">
         <name>.debug_info</name>
         <load_address>0xd846</load_address>
         <run_address>0xd846</run_address>
         <size>0x10b</size>
         <input_file_ref idref="fl-7"/>
      </object_component>
      <object_component id="oc-1f4">
         <name>.debug_info</name>
         <load_address>0xd951</load_address>
         <run_address>0xd951</run_address>
         <size>0x112</size>
         <input_file_ref idref="fl-7"/>
      </object_component>
      <object_component id="oc-19a">
         <name>.debug_info</name>
         <load_address>0xda63</load_address>
         <run_address>0xda63</run_address>
         <size>0x7ed</size>
         <input_file_ref idref="fl-7"/>
      </object_component>
      <object_component id="oc-c9">
         <name>.debug_info</name>
         <load_address>0xe250</load_address>
         <run_address>0xe250</run_address>
         <size>0x8ac</size>
         <input_file_ref idref="fl-8"/>
      </object_component>
      <object_component id="oc-6e">
         <name>.debug_info</name>
         <load_address>0xeafc</load_address>
         <run_address>0xeafc</run_address>
         <size>0x369</size>
         <input_file_ref idref="fl-8"/>
      </object_component>
      <object_component id="oc-cb">
         <name>.debug_info</name>
         <load_address>0xee65</load_address>
         <run_address>0xee65</run_address>
         <size>0x8a8</size>
         <input_file_ref idref="fl-9"/>
      </object_component>
      <object_component id="oc-1a0">
         <name>.debug_info</name>
         <load_address>0xf70d</load_address>
         <run_address>0xf70d</run_address>
         <size>0x163</size>
         <input_file_ref idref="fl-9"/>
      </object_component>
      <object_component id="oc-b3">
         <name>.debug_info</name>
         <load_address>0xf870</load_address>
         <run_address>0xf870</run_address>
         <size>0xb0e</size>
         <input_file_ref idref="fl-a"/>
      </object_component>
      <object_component id="oc-107">
         <name>.debug_info</name>
         <load_address>0x1037e</load_address>
         <run_address>0x1037e</run_address>
         <size>0x6f5</size>
         <input_file_ref idref="fl-a"/>
      </object_component>
      <object_component id="oc-b5">
         <name>.debug_info</name>
         <load_address>0x10a73</load_address>
         <run_address>0x10a73</run_address>
         <size>0x8a4</size>
         <input_file_ref idref="fl-b"/>
      </object_component>
      <object_component id="oc-1a6">
         <name>.debug_info</name>
         <load_address>0x11317</load_address>
         <run_address>0x11317</run_address>
         <size>0x308</size>
         <input_file_ref idref="fl-b"/>
      </object_component>
      <object_component id="oc-b7">
         <name>.debug_info</name>
         <load_address>0x1161f</load_address>
         <run_address>0x1161f</run_address>
         <size>0x9ec</size>
         <input_file_ref idref="fl-c"/>
      </object_component>
      <object_component id="oc-f5">
         <name>.debug_info</name>
         <load_address>0x1200b</load_address>
         <run_address>0x1200b</run_address>
         <size>0x206</size>
         <input_file_ref idref="fl-c"/>
      </object_component>
      <object_component id="oc-23c">
         <name>.debug_info</name>
         <load_address>0x12211</load_address>
         <run_address>0x12211</run_address>
         <size>0x13a</size>
         <input_file_ref idref="fl-d"/>
      </object_component>
      <object_component id="oc-238">
         <name>.debug_info</name>
         <load_address>0x1234b</load_address>
         <run_address>0x1234b</run_address>
         <size>0x12c</size>
         <input_file_ref idref="fl-d"/>
      </object_component>
      <object_component id="oc-235">
         <name>.debug_info</name>
         <load_address>0x12477</load_address>
         <run_address>0x12477</run_address>
         <size>0x130</size>
         <input_file_ref idref="fl-d"/>
      </object_component>
      <object_component id="oc-1ca">
         <name>.debug_info</name>
         <load_address>0x125a7</load_address>
         <run_address>0x125a7</run_address>
         <size>0x121</size>
         <input_file_ref idref="fl-d"/>
      </object_component>
      <object_component id="oc-2dd">
         <name>.debug_info</name>
         <load_address>0x126c8</load_address>
         <run_address>0x126c8</run_address>
         <size>0xb2</size>
         <input_file_ref idref="fl-d"/>
      </object_component>
      <object_component id="oc-b9">
         <name>.debug_info</name>
         <load_address>0x1277a</load_address>
         <run_address>0x1277a</run_address>
         <size>0x9a0</size>
         <input_file_ref idref="fl-e"/>
      </object_component>
      <object_component id="oc-9a">
         <name>.debug_info</name>
         <load_address>0x1311a</load_address>
         <run_address>0x1311a</run_address>
         <size>0x25f</size>
         <input_file_ref idref="fl-e"/>
      </object_component>
      <object_component id="oc-75">
         <name>.debug_info</name>
         <load_address>0x13379</load_address>
         <run_address>0x13379</run_address>
         <size>0x300</size>
         <input_file_ref idref="fl-f"/>
      </object_component>
      <object_component id="oc-27">
         <name>.debug_info</name>
         <load_address>0x13679</load_address>
         <run_address>0x13679</run_address>
         <size>0x12c</size>
         <input_file_ref idref="fl-f"/>
      </object_component>
      <object_component id="oc-68">
         <name>.debug_info</name>
         <load_address>0x137a5</load_address>
         <run_address>0x137a5</run_address>
         <size>0x1f3</size>
         <input_file_ref idref="fl-f"/>
      </object_component>
      <object_component id="oc-15d">
         <name>.debug_info</name>
         <load_address>0x13998</load_address>
         <run_address>0x13998</run_address>
         <size>0x125</size>
         <input_file_ref idref="fl-10"/>
      </object_component>
      <object_component id="oc-ac">
         <name>.debug_info</name>
         <load_address>0x13abd</load_address>
         <run_address>0x13abd</run_address>
         <size>0x297</size>
         <input_file_ref idref="fl-10"/>
      </object_component>
      <object_component id="oc-2fd">
         <name>.debug_info</name>
         <load_address>0x13d54</load_address>
         <run_address>0x13d54</run_address>
         <size>0x395</size>
         <input_file_ref idref="fl-17"/>
      </object_component>
      <object_component id="oc-197">
         <name>.debug_info</name>
         <load_address>0x140e9</load_address>
         <run_address>0x140e9</run_address>
         <size>0x181</size>
         <input_file_ref idref="fl-17"/>
      </object_component>
      <object_component id="oc-37f">
         <name>.debug_info</name>
         <load_address>0x1426a</load_address>
         <run_address>0x1426a</run_address>
         <size>0x37cd</size>
         <input_file_ref idref="fl-17"/>
      </object_component>
      <object_component id="oc-281">
         <name>.debug_info</name>
         <load_address>0x17a37</load_address>
         <run_address>0x17a37</run_address>
         <size>0x1055</size>
         <input_file_ref idref="fl-17"/>
      </object_component>
      <object_component id="oc-213">
         <name>.debug_info</name>
         <load_address>0x18a8c</load_address>
         <run_address>0x18a8c</run_address>
         <size>0x18b</size>
         <input_file_ref idref="fl-17"/>
      </object_component>
      <object_component id="oc-218">
         <name>.debug_info</name>
         <load_address>0x18c17</load_address>
         <run_address>0x18c17</run_address>
         <size>0x689</size>
         <input_file_ref idref="fl-18"/>
      </object_component>
      <object_component id="oc-1c7">
         <name>.debug_info</name>
         <load_address>0x192a0</load_address>
         <run_address>0x192a0</run_address>
         <size>0x19a</size>
         <input_file_ref idref="fl-18"/>
      </object_component>
      <object_component id="oc-20d">
         <name>.debug_info</name>
         <load_address>0x1943a</load_address>
         <run_address>0x1943a</run_address>
         <size>0xc6</size>
         <input_file_ref idref="fl-18"/>
      </object_component>
      <object_component id="oc-210">
         <name>.debug_info</name>
         <load_address>0x19500</load_address>
         <run_address>0x19500</run_address>
         <size>0xc6</size>
         <input_file_ref idref="fl-18"/>
      </object_component>
      <object_component id="oc-1be">
         <name>.debug_info</name>
         <load_address>0x195c6</load_address>
         <run_address>0x195c6</run_address>
         <size>0x1818</size>
         <input_file_ref idref="fl-18"/>
      </object_component>
      <object_component id="oc-27c">
         <name>.debug_info</name>
         <load_address>0x1adde</load_address>
         <run_address>0x1adde</run_address>
         <size>0x37cd</size>
         <input_file_ref idref="fl-18"/>
      </object_component>
      <object_component id="oc-203">
         <name>.debug_info</name>
         <load_address>0x1e5ab</load_address>
         <run_address>0x1e5ab</run_address>
         <size>0x28b</size>
         <input_file_ref idref="fl-19"/>
      </object_component>
      <object_component id="oc-275">
         <name>.debug_info</name>
         <load_address>0x1e836</load_address>
         <run_address>0x1e836</run_address>
         <size>0x1f1</size>
         <input_file_ref idref="fl-1a"/>
      </object_component>
      <object_component id="oc-269">
         <name>.debug_info</name>
         <load_address>0x1ea27</load_address>
         <run_address>0x1ea27</run_address>
         <size>0xce</size>
         <input_file_ref idref="fl-1a"/>
      </object_component>
      <object_component id="oc-26f">
         <name>.debug_info</name>
         <load_address>0x1eaf5</load_address>
         <run_address>0x1eaf5</run_address>
         <size>0xd0</size>
         <input_file_ref idref="fl-1a"/>
      </object_component>
      <object_component id="oc-26c">
         <name>.debug_info</name>
         <load_address>0x1ebc5</load_address>
         <run_address>0x1ebc5</run_address>
         <size>0xd2</size>
         <input_file_ref idref="fl-1a"/>
      </object_component>
      <object_component id="oc-266">
         <name>.debug_info</name>
         <load_address>0x1ec97</load_address>
         <run_address>0x1ec97</run_address>
         <size>0x15d</size>
         <input_file_ref idref="fl-1a"/>
      </object_component>
      <object_component id="oc-272">
         <name>.debug_info</name>
         <load_address>0x1edf4</load_address>
         <run_address>0x1edf4</run_address>
         <size>0xe7</size>
         <input_file_ref idref="fl-1a"/>
      </object_component>
      <object_component id="oc-20a">
         <name>.debug_info</name>
         <load_address>0x1eedb</load_address>
         <run_address>0x1eedb</run_address>
         <size>0x1a6f</size>
         <input_file_ref idref="fl-1a"/>
      </object_component>
      <object_component id="oc-22c">
         <name>.debug_info</name>
         <load_address>0x2094a</load_address>
         <run_address>0x2094a</run_address>
         <size>0x333</size>
         <input_file_ref idref="fl-d0"/>
      </object_component>
      <object_component id="oc-1c1">
         <name>.debug_info</name>
         <load_address>0x20c7d</load_address>
         <run_address>0x20c7d</run_address>
         <size>0x1d1</size>
         <input_file_ref idref="fl-d0"/>
      </object_component>
      <object_component id="oc-220">
         <name>.debug_info</name>
         <load_address>0x20e4e</load_address>
         <run_address>0x20e4e</run_address>
         <size>0x18d</size>
         <input_file_ref idref="fl-d0"/>
      </object_component>
      <object_component id="oc-226">
         <name>.debug_info</name>
         <load_address>0x20fdb</load_address>
         <run_address>0x20fdb</run_address>
         <size>0x16d</size>
         <input_file_ref idref="fl-d0"/>
      </object_component>
      <object_component id="oc-36e">
         <name>.debug_info</name>
         <load_address>0x21148</load_address>
         <run_address>0x21148</run_address>
         <size>0x2c</size>
         <input_file_ref idref="fl-d0"/>
      </object_component>
      <object_component id="oc-38">
         <name>.debug_info</name>
         <load_address>0x21174</load_address>
         <run_address>0x21174</run_address>
         <size>0x119</size>
         <input_file_ref idref="fl-d1"/>
      </object_component>
      <object_component id="oc-8c">
         <name>.debug_info</name>
         <load_address>0x2128d</load_address>
         <run_address>0x2128d</run_address>
         <size>0x2d4</size>
         <input_file_ref idref="fl-d2"/>
      </object_component>
      <object_component id="oc-4d">
         <name>.debug_info</name>
         <load_address>0x21561</load_address>
         <run_address>0x21561</run_address>
         <size>0x1b5</size>
         <input_file_ref idref="fl-d2"/>
      </object_component>
      <object_component id="oc-87">
         <name>.debug_info</name>
         <load_address>0x21716</load_address>
         <run_address>0x21716</run_address>
         <size>0x46</size>
         <input_file_ref idref="fl-d2"/>
      </object_component>
      <object_component id="oc-eb">
         <name>.debug_info</name>
         <load_address>0x2175c</load_address>
         <run_address>0x2175c</run_address>
         <size>0x2c</size>
         <input_file_ref idref="fl-d2"/>
      </object_component>
      <object_component id="oc-42">
         <name>.debug_info</name>
         <load_address>0x21788</load_address>
         <run_address>0x21788</run_address>
         <size>0x2a8</size>
         <input_file_ref idref="fl-d3"/>
      </object_component>
      <object_component id="oc-1e">
         <name>.debug_info</name>
         <load_address>0x21a30</load_address>
         <run_address>0x21a30</run_address>
         <size>0x1ea</size>
         <input_file_ref idref="fl-d3"/>
      </object_component>
      <object_component id="oc-3d">
         <name>.debug_info</name>
         <load_address>0x21c1a</load_address>
         <run_address>0x21c1a</run_address>
         <size>0x46</size>
         <input_file_ref idref="fl-d3"/>
      </object_component>
      <object_component id="oc-7f">
         <name>.debug_info</name>
         <load_address>0x21c60</load_address>
         <run_address>0x21c60</run_address>
         <size>0x2c</size>
         <input_file_ref idref="fl-d3"/>
      </object_component>
      <object_component id="oc-7d">
         <name>.debug_info</name>
         <load_address>0x21c8c</load_address>
         <run_address>0x21c8c</run_address>
         <size>0x29e</size>
         <input_file_ref idref="fl-d4"/>
      </object_component>
      <object_component id="oc-18">
         <name>.debug_info</name>
         <load_address>0x21f2a</load_address>
         <run_address>0x21f2a</run_address>
         <size>0x250</size>
         <input_file_ref idref="fl-d4"/>
      </object_component>
      <object_component id="oc-2d">
         <name>.debug_info</name>
         <load_address>0x2217a</load_address>
         <run_address>0x2217a</run_address>
         <size>0x60</size>
         <input_file_ref idref="fl-d4"/>
      </object_component>
      <object_component id="oc-e4">
         <name>.debug_info</name>
         <load_address>0x221da</load_address>
         <run_address>0x221da</run_address>
         <size>0x46</size>
         <input_file_ref idref="fl-d4"/>
      </object_component>
      <object_component id="oc-78">
         <name>.debug_info</name>
         <load_address>0x22220</load_address>
         <run_address>0x22220</run_address>
         <size>0x39</size>
         <input_file_ref idref="fl-d4"/>
      </object_component>
      <object_component id="oc-2a">
         <name>.debug_info</name>
         <load_address>0x22259</load_address>
         <run_address>0x22259</run_address>
         <size>0x10b</size>
         <input_file_ref idref="fl-d5"/>
      </object_component>
      <object_component id="oc-58">
         <name>.debug_info</name>
         <load_address>0x22364</load_address>
         <run_address>0x22364</run_address>
         <size>0x1a9</size>
         <input_file_ref idref="fl-d5"/>
      </object_component>
      <object_component id="oc-2c8">
         <name>.debug_info</name>
         <load_address>0x2250d</load_address>
         <run_address>0x2250d</run_address>
         <size>0x590</size>
         <input_file_ref idref="fl-d6"/>
      </object_component>
      <object_component id="oc-296">
         <name>.debug_info</name>
         <load_address>0x22a9d</load_address>
         <run_address>0x22a9d</run_address>
         <size>0x21e</size>
         <input_file_ref idref="fl-d6"/>
      </object_component>
      <object_component id="oc-334">
         <name>.debug_info</name>
         <load_address>0x22cbb</load_address>
         <run_address>0x22cbb</run_address>
         <size>0x1b3</size>
         <input_file_ref idref="fl-d6"/>
      </object_component>
      <object_component id="oc-33a">
         <name>.debug_info</name>
         <load_address>0x22e6e</load_address>
         <run_address>0x22e6e</run_address>
         <size>0x21b</size>
         <input_file_ref idref="fl-d6"/>
      </object_component>
      <object_component id="oc-2a1">
         <name>.debug_info</name>
         <load_address>0x23089</load_address>
         <run_address>0x23089</run_address>
         <size>0x3c0</size>
         <input_file_ref idref="fl-d6"/>
      </object_component>
      <object_component id="oc-341">
         <name>.debug_info</name>
         <load_address>0x23449</load_address>
         <run_address>0x23449</run_address>
         <size>0x30a</size>
         <input_file_ref idref="fl-d6"/>
      </object_component>
      <object_component id="oc-347">
         <name>.debug_info</name>
         <load_address>0x23753</load_address>
         <run_address>0x23753</run_address>
         <size>0x215</size>
         <input_file_ref idref="fl-d6"/>
      </object_component>
      <object_component id="oc-2a7">
         <name>.debug_info</name>
         <load_address>0x23968</load_address>
         <run_address>0x23968</run_address>
         <size>0x215</size>
         <input_file_ref idref="fl-d6"/>
      </object_component>
      <object_component id="oc-2ad">
         <name>.debug_info</name>
         <load_address>0x23b7d</load_address>
         <run_address>0x23b7d</run_address>
         <size>0x304</size>
         <input_file_ref idref="fl-d6"/>
      </object_component>
      <object_component id="oc-2b3">
         <name>.debug_info</name>
         <load_address>0x23e81</load_address>
         <run_address>0x23e81</run_address>
         <size>0x4b5</size>
         <input_file_ref idref="fl-d6"/>
      </object_component>
      <object_component id="oc-21d">
         <name>.debug_info</name>
         <load_address>0x24336</load_address>
         <run_address>0x24336</run_address>
         <size>0x5f4</size>
         <input_file_ref idref="fl-d6"/>
      </object_component>
      <object_component id="oc-2c9">
         <name>.debug_info</name>
         <load_address>0x2492a</load_address>
         <run_address>0x2492a</run_address>
         <size>0x86</size>
         <input_file_ref idref="fl-d6"/>
      </object_component>
      <object_component id="oc-373">
         <name>.debug_info</name>
         <load_address>0x249b0</load_address>
         <run_address>0x249b0</run_address>
         <size>0x39</size>
         <input_file_ref idref="fl-d6"/>
      </object_component>
      <object_component id="oc-3bb">
         <name>.debug_info</name>
         <load_address>0x249e9</load_address>
         <run_address>0x249e9</run_address>
         <size>0xb6</size>
         <input_file_ref idref="fl-d6"/>
      </object_component>
      <object_component id="oc-378">
         <name>.debug_info</name>
         <load_address>0x24a9f</load_address>
         <run_address>0x24a9f</run_address>
         <size>0x46</size>
         <input_file_ref idref="fl-d6"/>
      </object_component>
      <object_component id="oc-2ce">
         <name>.debug_info</name>
         <load_address>0x24ae5</load_address>
         <run_address>0x24ae5</run_address>
         <size>0x46</size>
         <input_file_ref idref="fl-d6"/>
      </object_component>
      <object_component id="oc-39e">
         <name>.debug_info</name>
         <load_address>0x24b2b</load_address>
         <run_address>0x24b2b</run_address>
         <size>0x295</size>
         <input_file_ref idref="fl-d7"/>
      </object_component>
      <object_component id="oc-34f">
         <name>.debug_info</name>
         <load_address>0x24dc0</load_address>
         <run_address>0x24dc0</run_address>
         <size>0x195</size>
         <input_file_ref idref="fl-d7"/>
      </object_component>
      <object_component id="oc-3c7">
         <name>.debug_info</name>
         <load_address>0x24f55</load_address>
         <run_address>0x24f55</run_address>
         <size>0x39</size>
         <input_file_ref idref="fl-d7"/>
      </object_component>
      <object_component id="oc-39f">
         <name>.debug_info</name>
         <load_address>0x24f8e</load_address>
         <run_address>0x24f8e</run_address>
         <size>0x2c</size>
         <input_file_ref idref="fl-d7"/>
      </object_component>
      <object_component id="oc-3ab">
         <name>.debug_info</name>
         <load_address>0x24fba</load_address>
         <run_address>0x24fba</run_address>
         <size>0x2f8</size>
         <input_file_ref idref="fl-d8"/>
      </object_component>
      <object_component id="oc-354">
         <name>.debug_info</name>
         <load_address>0x252b2</load_address>
         <run_address>0x252b2</run_address>
         <size>0x225</size>
         <input_file_ref idref="fl-d8"/>
      </object_component>
      <object_component id="oc-366">
         <name>.debug_info</name>
         <load_address>0x254d7</load_address>
         <run_address>0x254d7</run_address>
         <size>0x28f</size>
         <input_file_ref idref="fl-d9"/>
      </object_component>
      <object_component id="oc-2bc">
         <name>.debug_info</name>
         <load_address>0x25766</load_address>
         <run_address>0x25766</run_address>
         <size>0x15a</size>
         <input_file_ref idref="fl-d9"/>
      </object_component>
      <object_component id="oc-3b0">
         <name>.debug_info</name>
         <load_address>0x258c0</load_address>
         <run_address>0x258c0</run_address>
         <size>0x46</size>
         <input_file_ref idref="fl-d9"/>
      </object_component>
      <object_component id="oc-361">
         <name>.debug_info</name>
         <load_address>0x25906</load_address>
         <run_address>0x25906</run_address>
         <size>0x39</size>
         <input_file_ref idref="fl-d9"/>
      </object_component>
      <object_component id="oc-32c">
         <name>.debug_info</name>
         <load_address>0x2593f</load_address>
         <run_address>0x2593f</run_address>
         <size>0x14c</size>
         <input_file_ref idref="fl-da"/>
      </object_component>
      <object_component id="oc-29b">
         <name>.debug_info</name>
         <load_address>0x25a8b</load_address>
         <run_address>0x25a8b</run_address>
         <size>0x128</size>
         <input_file_ref idref="fl-db"/>
      </object_component>
      <object_component id="oc-319">
         <name>.debug_info</name>
         <load_address>0x25bb3</load_address>
         <run_address>0x25bb3</run_address>
         <size>0x12a</size>
         <input_file_ref idref="fl-db"/>
      </object_component>
      <object_component id="oc-314">
         <name>.debug_info</name>
         <load_address>0x25cdd</load_address>
         <run_address>0x25cdd</run_address>
         <size>0x13a</size>
         <input_file_ref idref="fl-dc"/>
      </object_component>
      <object_component id="oc-30d">
         <name>.debug_info</name>
         <load_address>0x25e17</load_address>
         <run_address>0x25e17</run_address>
         <size>0x13a</size>
         <input_file_ref idref="fl-dd"/>
      </object_component>
      <object_component id="oc-31d">
         <name>.debug_info</name>
         <load_address>0x25f51</load_address>
         <run_address>0x25f51</run_address>
         <size>0x12e</size>
         <input_file_ref idref="fl-de"/>
      </object_component>
      <object_component id="oc-327">
         <name>.debug_info</name>
         <load_address>0x2607f</load_address>
         <run_address>0x2607f</run_address>
         <size>0x12c</size>
         <input_file_ref idref="fl-df"/>
      </object_component>
      <object_component id="oc-308">
         <name>.debug_info</name>
         <load_address>0x261ab</load_address>
         <run_address>0x261ab</run_address>
         <size>0x134</size>
         <input_file_ref idref="fl-e0"/>
      </object_component>
      <object_component id="oc-90">
         <name>.debug_info</name>
         <load_address>0x262df</load_address>
         <run_address>0x262df</run_address>
         <size>0x147</size>
         <input_file_ref idref="fl-e1"/>
      </object_component>
      <object_component id="oc-1db">
         <name>.debug_info</name>
         <load_address>0x26426</load_address>
         <run_address>0x26426</run_address>
         <size>0x4b3</size>
         <input_file_ref idref="fl-e2"/>
      </object_component>
      <object_component id="oc-12e">
         <name>.debug_info</name>
         <load_address>0x268d9</load_address>
         <run_address>0x268d9</run_address>
         <size>0x1a6</size>
         <input_file_ref idref="fl-e2"/>
      </object_component>
      <object_component id="oc-24d">
         <name>.debug_info</name>
         <load_address>0x26a7f</load_address>
         <run_address>0x26a7f</run_address>
         <size>0x39</size>
         <input_file_ref idref="fl-e2"/>
      </object_component>
      <object_component id="oc-2e5">
         <name>.debug_info</name>
         <load_address>0x26ab8</load_address>
         <run_address>0x26ab8</run_address>
         <size>0x39</size>
         <input_file_ref idref="fl-e2"/>
      </object_component>
      <object_component id="oc-252">
         <name>.debug_info</name>
         <load_address>0x26af1</load_address>
         <run_address>0x26af1</run_address>
         <size>0x39</size>
         <input_file_ref idref="fl-e2"/>
      </object_component>
      <object_component id="oc-257">
         <name>.debug_info</name>
         <load_address>0x26b2a</load_address>
         <run_address>0x26b2a</run_address>
         <size>0xcd</size>
         <input_file_ref idref="fl-e2"/>
      </object_component>
      <object_component id="oc-94">
         <name>.debug_info</name>
         <load_address>0x26bf7</load_address>
         <run_address>0x26bf7</run_address>
         <size>0x153</size>
         <input_file_ref idref="fl-e3"/>
      </object_component>
      <object_component id="oc-120">
         <name>.debug_info</name>
         <load_address>0x26d4a</load_address>
         <run_address>0x26d4a</run_address>
         <size>0x122</size>
         <input_file_ref idref="fl-e5"/>
      </object_component>
      <object_component id="oc-396">
         <name>.debug_info</name>
         <load_address>0x26e6c</load_address>
         <run_address>0x26e6c</run_address>
         <size>0x29c</size>
         <input_file_ref idref="fl-e7"/>
      </object_component>
      <object_component id="oc-321">
         <name>.debug_info</name>
         <load_address>0x27108</load_address>
         <run_address>0x27108</run_address>
         <size>0x1da</size>
         <input_file_ref idref="fl-e7"/>
      </object_component>
      <object_component id="oc-304">
         <name>.debug_info</name>
         <load_address>0x272e2</load_address>
         <run_address>0x272e2</run_address>
         <size>0x2b9</size>
         <input_file_ref idref="fl-e9"/>
      </object_component>
      <object_component id="oc-28e">
         <name>.debug_info</name>
         <load_address>0x2759b</load_address>
         <run_address>0x2759b</run_address>
         <size>0x17c</size>
         <input_file_ref idref="fl-e9"/>
      </object_component>
      <object_component id="oc-388">
         <name>.debug_info</name>
         <load_address>0x27717</load_address>
         <run_address>0x27717</run_address>
         <size>0xf9</size>
         <input_file_ref idref="fl-ea"/>
      </object_component>
      <object_component id="oc-301">
         <name>.debug_info</name>
         <load_address>0x27810</load_address>
         <run_address>0x27810</run_address>
         <size>0x105</size>
         <input_file_ref idref="fl-ea"/>
      </object_component>
      <object_component id="oc-35f">
         <name>.debug_info</name>
         <load_address>0x27915</load_address>
         <run_address>0x27915</run_address>
         <size>0x2a7</size>
         <input_file_ref idref="fl-eb"/>
      </object_component>
      <object_component id="oc-2b6">
         <name>.debug_info</name>
         <load_address>0x27bbc</load_address>
         <run_address>0x27bbc</run_address>
         <size>0x1b8</size>
         <input_file_ref idref="fl-eb"/>
      </object_component>
      <object_component id="oc-3ad">
         <name>.debug_info</name>
         <load_address>0x27d74</load_address>
         <run_address>0x27d74</run_address>
         <size>0x29a</size>
         <input_file_ref idref="fl-ec"/>
      </object_component>
      <object_component id="oc-358">
         <name>.debug_info</name>
         <load_address>0x2800e</load_address>
         <run_address>0x2800e</run_address>
         <size>0x262</size>
         <input_file_ref idref="fl-ec"/>
      </object_component>
      <object_component id="oc-2ff">
         <name>.debug_info</name>
         <load_address>0x28270</load_address>
         <run_address>0x28270</run_address>
         <size>0x28f</size>
         <input_file_ref idref="fl-ed"/>
      </object_component>
      <object_component id="oc-287">
         <name>.debug_info</name>
         <load_address>0x284ff</load_address>
         <run_address>0x284ff</run_address>
         <size>0x245</size>
         <input_file_ref idref="fl-ed"/>
      </object_component>
      <object_component id="oc-36b">
         <name>.debug_info</name>
         <load_address>0x28744</load_address>
         <run_address>0x28744</run_address>
         <size>0x289</size>
         <input_file_ref idref="fl-ee"/>
      </object_component>
      <object_component id="oc-368">
         <name>.debug_info</name>
         <load_address>0x289cd</load_address>
         <run_address>0x289cd</run_address>
         <size>0x10e</size>
         <input_file_ref idref="fl-ee"/>
      </object_component>
      <object_component id="oc-2c2">
         <name>.debug_info</name>
         <load_address>0x28adb</load_address>
         <run_address>0x28adb</run_address>
         <size>0x14e</size>
         <input_file_ref idref="fl-ee"/>
      </object_component>
      <object_component id="oc-3a5">
         <name>.debug_info</name>
         <load_address>0x28c29</load_address>
         <run_address>0x28c29</run_address>
         <size>0x161</size>
         <input_file_ref idref="fl-ef"/>
      </object_component>
      <object_component id="oc-38c">
         <name>.debug_info</name>
         <load_address>0x28d8a</load_address>
         <run_address>0x28d8a</run_address>
         <size>0x115</size>
         <input_file_ref idref="fl-f0"/>
      </object_component>
      <object_component id="oc-406">
         <name>.debug_info</name>
         <load_address>0x28e9f</load_address>
         <run_address>0x28e9f</run_address>
         <size>0xd8</size>
      </object_component>
      <object_component id="oc-178">
         <name>.debug_line</name>
         <load_address>0x0</load_address>
         <run_address>0x0</run_address>
         <size>0x4d</size>
         <input_file_ref idref="fl-1"/>
      </object_component>
      <object_component id="oc-e2">
         <name>.debug_line</name>
         <load_address>0x4d</load_address>
         <run_address>0x4d</run_address>
         <size>0x72</size>
         <input_file_ref idref="fl-1"/>
      </object_component>
      <object_component id="oc-16a">
         <name>.debug_line</name>
         <load_address>0xbf</load_address>
         <run_address>0xbf</run_address>
         <size>0x5e</size>
         <input_file_ref idref="fl-1"/>
      </object_component>
      <object_component id="oc-17c">
         <name>.debug_line</name>
         <load_address>0x11d</load_address>
         <run_address>0x11d</run_address>
         <size>0x5b</size>
         <input_file_ref idref="fl-1"/>
      </object_component>
      <object_component id="oc-16f">
         <name>.debug_line</name>
         <load_address>0x178</load_address>
         <run_address>0x178</run_address>
         <size>0x30</size>
         <input_file_ref idref="fl-1"/>
      </object_component>
      <object_component id="oc-11c">
         <name>.debug_line</name>
         <load_address>0x1a8</load_address>
         <run_address>0x1a8</run_address>
         <size>0x34</size>
         <input_file_ref idref="fl-1"/>
      </object_component>
      <object_component id="oc-35">
         <name>.debug_line</name>
         <load_address>0x1dc</load_address>
         <run_address>0x1dc</run_address>
         <size>0x20</size>
         <input_file_ref idref="fl-1"/>
      </object_component>
      <object_component id="oc-191">
         <name>.debug_line</name>
         <load_address>0x1fc</load_address>
         <run_address>0x1fc</run_address>
         <size>0x76</size>
         <input_file_ref idref="fl-1"/>
      </object_component>
      <object_component id="oc-db">
         <name>.debug_line</name>
         <load_address>0x272</load_address>
         <run_address>0x272</run_address>
         <size>0x73</size>
         <input_file_ref idref="fl-1"/>
      </object_component>
      <object_component id="oc-230">
         <name>.debug_line</name>
         <load_address>0x2e5</load_address>
         <run_address>0x2e5</run_address>
         <size>0x6e</size>
         <input_file_ref idref="fl-1"/>
      </object_component>
      <object_component id="oc-17f">
         <name>.debug_line</name>
         <load_address>0x353</load_address>
         <run_address>0x353</run_address>
         <size>0x4d</size>
         <input_file_ref idref="fl-2"/>
      </object_component>
      <object_component id="oc-263">
         <name>.debug_line</name>
         <load_address>0x3a0</load_address>
         <run_address>0x3a0</run_address>
         <size>0x34</size>
         <input_file_ref idref="fl-2"/>
      </object_component>
      <object_component id="oc-1af">
         <name>.debug_line</name>
         <load_address>0x3d4</load_address>
         <run_address>0x3d4</run_address>
         <size>0x103</size>
         <input_file_ref idref="fl-2"/>
      </object_component>
      <object_component id="oc-181">
         <name>.debug_line</name>
         <load_address>0x4d7</load_address>
         <run_address>0x4d7</run_address>
         <size>0x180</size>
         <input_file_ref idref="fl-3"/>
      </object_component>
      <object_component id="oc-116">
         <name>.debug_line</name>
         <load_address>0x657</load_address>
         <run_address>0x657</run_address>
         <size>0xed</size>
         <input_file_ref idref="fl-3"/>
      </object_component>
      <object_component id="oc-165">
         <name>.debug_line</name>
         <load_address>0x744</load_address>
         <run_address>0x744</run_address>
         <size>0x5b</size>
         <input_file_ref idref="fl-3"/>
      </object_component>
      <object_component id="oc-183">
         <name>.debug_line</name>
         <load_address>0x79f</load_address>
[...]
      </symbol>
      <symbol id="sm-383">
         <name>halLcdDrawImageLut</name>
         <value>0x23bd</value>
         <object_component_ref idref="oc-1ba"/>
      </symbol>
      <symbol id="sm-384">
         <name>Color_Texto_Inv</name>
         <value>0x20000428</value>
         <object_component_ref idref="oc-1c6"/>
      </symbol>
      <symbol id="sm-385">
         <name>setArea</name>
         <value>0x1c9d</value>
         <object_component_ref idref="oc-1ba"/>
      </symbol>
      <symbol id="sm-386">
         <name>Color_Fondo</name>
         <value>0x20000422</value>
         <object_component_ref idref="oc-1c6"/>
      </symbol>
      <symbol id="sm-387">
         <name>getLinea</name>
         <value>0x1b87</value>
         <object_component_ref idref="oc-1ba"/>
      </symbol>
      <symbol id="sm-388">
         <name>initLCD</name>
         <value>0x1dfd</value>
         <object_component_ref idref="oc-1ba"/>
      </symbol>
      <symbol id="sm-3a7">
         <name>writeData</name>
         <value>0x3af9</value>
         <object_component_ref idref="oc-200"/>
      </symbol>
      <symbol id="sm-3a8">
         <name>writeCommand</name>
         <value>0x3b1f</value>
         <object_component_ref idref="oc-200"/>
      </symbol>
      <symbol id="sm-3a9">
         <name>delay</name>
         <value>0x3b45</value>
         <object_component_ref idref="oc-200"/>
      </symbol>
      <symbol id="sm-3aa">
         <name>init_spi_lcd_tactil</name>
         <value>0x3a21</value>
         <object_component_ref idref="oc-200"/>
      </symbol>
      <symbol id="sm-475">
         <name>drawCharLgBkg</name>
         <value>0x5c9</value>
         <object_component_ref idref="oc-206"/>
      </symbol>
      <symbol id="sm-476">
         <name>drawPixel</name>
         <value>0x237</value>
         <object_component_ref idref="oc-206"/>
      </symbol>
      <symbol id="sm-477">
         <name>drawImageMono</name>
         <value>0x9e3</value>
         <object_component_ref idref="oc-206"/>
      </symbol>
      <symbol id="sm-478">
         <name>setColor</name>
         <value>0xe5</value>
         <object_component_ref idref="oc-206"/>
      </symbol>
      <symbol id="sm-479">
         <name>bgColorHighByte</name>
         <value>0x20000433</value>
         <object_component_ref idref="oc-265"/>
      </symbol>
      <symbol id="sm-47a">
         <name>drawCircle</name>
         <value>0xd9b</value>
         <object_component_ref idref="oc-206"/>
      </symbol>
      <symbol id="sm-47b">
         <name>drawImageLut</name>
         <value>0x8d5</value>
         <object_component_ref idref="oc-206"/>
      </symbol>
      <symbol id="sm-47c">
         <name>drawImage</name>
         <value>0x8bd</value>
         <object_component_ref idref="oc-206"/>
      </symbol>
      <symbol id="sm-47d">
         <name>font_11x16</name>
         <value>0x5ca4</value>
         <object_component_ref idref="oc-26b"/>
      </symbol>
      <symbol id="sm-47e">
         <name>drawLine</name>
         <value>0xb41</value>
         <object_component_ref idref="oc-206"/>
      </symbol>
      <symbol id="sm-47f">
         <name>font_8x12</name>
         <value>0x64ce</value>
         <object_component_ref idref="oc-26e"/>
      </symbol>
      <symbol id="sm-480">
         <name>drawCharMd</name>
         <value>0x6ad</value>
         <object_component_ref idref="oc-206"/>
      </symbol>
      <symbol id="sm-481">
         <name>drawCharSmBkg</name>
         <value>0x447</value>
         <object_component_ref idref="oc-206"/>
      </symbol>
      <symbol id="sm-482">
         <name>drawCharLg</name>
         <value>0x521</value>
         <object_component_ref idref="oc-206"/>
      </symbol>
      <symbol id="sm-483">
         <name>drawCharSm</name>
         <value>0x3a1</value>
         <object_component_ref idref="oc-206"/>
      </symbol>
      <symbol id="sm-484">
         <name>drawLogicLine</name>
         <value>0xa01</value>
         <object_component_ref idref="oc-206"/>
      </symbol>
      <symbol id="sm-485">
         <name>setBackgroundColor</name>
         <value>0x103</value>
         <object_component_ref idref="oc-206"/>
      </symbol>
      <symbol id="sm-486">
         <name>clearScreenBkg</name>
         <value>0x1af</value>
         <object_component_ref idref="oc-206"/>
      </symbol>
      <symbol id="sm-487">
         <name>fillCircle</name>
         <value>0xfb9</value>
         <object_component_ref idref="oc-206"/>
      </symbol>
      <symbol id="sm-488">
         <name>fillRect</name>
         <value>0xf1b</value>
         <object_component_ref idref="oc-206"/>
      </symbol>
      <symbol id="sm-489">
         <name>drawString</name>
         <value>0x267</value>
         <object_component_ref idref="oc-206"/>
      </symbol>
      <symbol id="sm-48a">
         <name>clearScreen</name>
         <value>0x121</value>
         <object_component_ref idref="oc-206"/>
      </symbol>
      <symbol id="sm-48b">
         <name>colorLowByte</name>
         <value>0x20000430</value>
         <object_component_ref idref="oc-265"/>
      </symbol>
      <symbol id="sm-48c">
         <name>drawCharMdBkg</name>
         <value>0x75b</value>
         <object_component_ref idref="oc-206"/>
      </symbol>
      <symbol id="sm-48d">
         <name>font_5x7</name>
         <value>0x6d44</value>
         <object_component_ref idref="oc-268"/>
      </symbol>
      <symbol id="sm-48e">
         <name>drawRect</name>
         <value>0xd37</value>
         <object_component_ref idref="oc-206"/>
      </symbol>
      <symbol id="sm-48f">
         <name>colorHighByte</name>
         <value>0x20000431</value>
         <object_component_ref idref="oc-265"/>
      </symbol>
      <symbol id="sm-490">
         <name>bgColorLowByte</name>
         <value>0x20000432</value>
         <object_component_ref idref="oc-265"/>
      </symbol>
      <symbol id="sm-4b7">
         <name>sprintf</name>
         <value>0x4be9</value>
         <object_component_ref idref="oc-1c0"/>
      </symbol>
      <symbol id="sm-4d2">
         <name>memcpy</name>
         <value>0x4445</value>
         <object_component_ref idref="oc-37"/>
      </symbol>
      <symbol id="sm-4d3">
         <name>__aeabi_memcpy</name>
         <value>0x4445</value>
         <object_component_ref idref="oc-37"/>
      </symbol>
      <symbol id="sm-4d4">
         <name>__aeabi_memcpy8</name>
         <value>0x4445</value>
         <object_component_ref idref="oc-37"/>
      </symbol>
      <symbol id="sm-4d5">
         <name>__aeabi_memcpy4</name>
         <value>0x4445</value>
         <object_component_ref idref="oc-37"/>
      </symbol>
      <symbol id="sm-4ec">
         <name>__TI_zero_init</name>
         <value>0x4da9</value>
         <object_component_ref idref="oc-49"/>
      </symbol>
      <symbol id="sm-503">
         <name>__TI_decompress_none</name>
         <value>0x4d8d</value>
         <object_component_ref idref="oc-1d"/>
      </symbol>
      <symbol id="sm-526">
         <name>__TI_decompress_lzss</name>
         <value>0x4949</value>
         <object_component_ref idref="oc-17"/>
      </symbol>
      <symbol id="sm-539">
         <name>__stack</name>
         <value>0x2000fe00</value>
         <object_component_ref idref="oc-29"/>
      </symbol>
      <symbol id="sm-53a">
         <name>_c_int00_noargs</name>
         <value>0x4ca1</value>
         <object_component_ref idref="oc-55"/>
      </symbol>
      <symbol id="sm-69f">
         <name>__TI_printfi</name>
         <value>0x1131</value>
         <object_component_ref idref="oc-219"/>
      </symbol>
      <symbol id="sm-6bf">
         <name>frexpl</name>
         <value>0x49b1</value>
         <object_component_ref idref="oc-34b"/>
      </symbol>
      <symbol id="sm-6c0">
         <name>frexp</name>
         <value>0x49b1</value>
         <object_component_ref idref="oc-34b"/>
      </symbol>
      <symbol id="sm-6dd">
         <name>scalbn</name>
         <value>0x3f41</value>
         <object_component_ref idref="oc-351"/>
      </symbol>
      <symbol id="sm-6de">
         <name>scalbnl</name>
         <value>0x3f41</value>
         <object_component_ref idref="oc-351"/>
      </symbol>
      <symbol id="sm-6df">
         <name>ldexpl</name>
         <value>0x3f41</value>
         <object_component_ref idref="oc-351"/>
      </symbol>
      <symbol id="sm-6e0">
         <name>ldexp</name>
         <value>0x3f41</value>
         <object_component_ref idref="oc-351"/>
      </symbol>
      <symbol id="sm-6f9">
         <name>wcslen</name>
         <value>0x4d7b</value>
         <object_component_ref idref="oc-2bb"/>
      </symbol>
      <symbol id="sm-710">
         <name>__aeabi_dsub</name>
         <value>0x36c1</value>
         <object_component_ref idref="oc-32b"/>
      </symbol>
      <symbol id="sm-711">
         <name>__aeabi_dadd</name>
         <value>0x36cb</value>
         <object_component_ref idref="oc-32b"/>
      </symbol>
      <symbol id="sm-733">
         <name>__aeabi_cdcmpeq</name>
         <value>0x4605</value>
         <object_component_ref idref="oc-298"/>
      </symbol>
      <symbol id="sm-734">
         <name>__aeabi_cdcmple</name>
         <value>0x4605</value>
         <object_component_ref idref="oc-298"/>
      </symbol>
      <symbol id="sm-735">
         <name>__aeabi_cdrcmple</name>
         <value>0x468b</value>
         <object_component_ref idref="oc-316"/>
      </symbol>
      <symbol id="sm-749">
         <name>__aeabi_ddiv</name>
         <value>0x3ce5</value>
         <object_component_ref idref="oc-311"/>
      </symbol>
      <symbol id="sm-754">
         <name>__aeabi_dmul</name>
         <value>0x4051</value>
         <object_component_ref idref="oc-30c"/>
      </symbol>
      <symbol id="sm-75e">
         <name>__aeabi_d2iz</name>
         <value>0x4b5d</value>
         <object_component_ref idref="oc-31b"/>
      </symbol>
      <symbol id="sm-768">
         <name>__aeabi_i2d</name>
         <value>0x4cd5</value>
         <object_component_ref idref="oc-326"/>
      </symbol>
      <symbol id="sm-775">
         <name>__aeabi_uldivmod</name>
         <value>0x44e1</value>
         <object_component_ref idref="oc-305"/>
      </symbol>
      <symbol id="sm-784">
         <name>__aeabi_memset</name>
         <value>0x4713</value>
         <object_component_ref idref="oc-8d"/>
      </symbol>
      <symbol id="sm-785">
         <name>memset</name>
         <value>0x4719</value>
         <object_component_ref idref="oc-8d"/>
      </symbol>
      <symbol id="sm-786">
         <name>__aeabi_memset8</name>
         <value>0x4713</value>
         <object_component_ref idref="oc-8d"/>
      </symbol>
      <symbol id="sm-787">
         <name>__aeabi_memset4</name>
         <value>0x4713</value>
         <object_component_ref idref="oc-8d"/>
      </symbol>
      <symbol id="sm-788">
         <name>__aeabi_memclr8</name>
         <value>0x4711</value>
         <object_component_ref idref="oc-8d"/>
      </symbol>
      <symbol id="sm-789">
         <name>__aeabi_memclr4</name>
         <value>0x4711</value>
         <object_component_ref idref="oc-8d"/>
      </symbol>
      <symbol id="sm-78a">
         <name>__aeabi_memclr</name>
         <value>0x4711</value>
         <object_component_ref idref="oc-8d"/>
      </symbol>
      <symbol id="sm-7b2">
         <name>__TI_auto_init_nobinit_nopinit</name>
         <value>0x4ba5</value>
         <object_component_ref idref="oc-12a"/>
      </symbol>
      <symbol id="sm-7bc">
         <name>_system_pre_init</name>
         <value>0x4dc9</value>
         <object_component_ref idref="oc-93"/>
      </symbol>
      <symbol id="sm-7c8">
         <name>C$$EXIT</name>
         <value>0x4dcd</value>
         <object_component_ref idref="oc-11e"/>
      </symbol>
      <symbol id="sm-7c9">
         <name>abort</name>
         <value>0x4dcd</value>
         <object_component_ref idref="oc-11e"/>
      </symbol>
      <symbol id="sm-7d9">
         <name>__TI_ltoa</name>
         <value>0x4a6b</value>
         <object_component_ref idref="oc-320"/>
      </symbol>
      <symbol id="sm-7f0">
         <name>atoi</name>
         <value>0x4b11</value>
         <object_component_ref idref="oc-28c"/>
      </symbol>
      <symbol id="sm-7fb">
         <name>_ctypes_</name>
         <value>0x6f24</value>
         <object_component_ref idref="oc-300"/>
      </symbol>
      <symbol id="sm-80b">
         <name>memccpy</name>
         <value>0x4d03</value>
         <object_component_ref idref="oc-2b5"/>
      </symbol>
      <symbol id="sm-81b">
         <name>strchr</name>
         <value>0x4d51</value>
         <object_component_ref idref="oc-357"/>
      </symbol>
      <symbol id="sm-829">
         <name>strlen</name>
         <value>0x4d67</value>
         <object_component_ref idref="oc-286"/>
      </symbol>
      <symbol id="sm-83f">
         <name>__aeabi_errno_addr</name>
         <value>0x4dc1</value>
         <object_component_ref idref="oc-2c1"/>
      </symbol>
      <symbol id="sm-840">
         <name>errno</name>
         <value>0x20000434</value>
         <object_component_ref idref="oc-367"/>
      </symbol>
      <symbol id="sm-84a">
         <name>copysign</name>
         <value>0x4d1f</value>
         <object_component_ref idref="oc-3a4"/>
      </symbol>
      <symbol id="sm-84b">
         <name>copysignl</name>
         <value>0x4d1f</value>
         <object_component_ref idref="oc-3a4"/>
      </symbol>
      <symbol id="sm-855">
         <name>__aeabi_idiv0</name>
         <value>0x1b7f</value>
         <object_component_ref idref="oc-38b"/>
      </symbol>
      <symbol id="sm-856">
         <name>__aeabi_ldiv0</name>
         <value>0x1b7f</value>
         <object_component_ref idref="oc-38b"/>
      </symbol>
      <symbol id="sm-857">
         <name>__TI_static_base__</name>
         <value>0x0</value>
      </symbol>
      <symbol id="sm-85a">
         <name>__mpu_init</name>
         <value>0x0</value>
      </symbol>
      <symbol id="sm-85b">
         <name>_system_post_cinit</name>
         <value>0x0</value>
      </symbol>
      <symbol id="sm-85c">
         <name>NMI_Handler</name>
         <value>0x4da7</value>
      </symbol>
      <symbol id="sm-85d">
         <name>HardFault_Handler</name>
         <value>0x4da7</value>
      </symbol>
      <symbol id="sm-85e">
         <name>MemManage_Handler</name>
         <value>0x4da7</value>
      </symbol>
      <symbol id="sm-85f">
         <name>BusFault_Handler</name>
         <value>0x4da7</value>
      </symbol>
      <symbol id="sm-860">
         <name>UsageFault_Handler</name>
         <value>0x4da7</value>
      </symbol>
      <symbol id="sm-861">
         <name>SVC_Handler</name>
         <value>0x4da7</value>
      </symbol>
      <symbol id="sm-862">
         <name>DebugMon_Handler</name>
         <value>0x4da7</value>
      </symbol>
      <symbol id="sm-863">
         <name>PendSV_Handler</name>
         <value>0x4da7</value>
      </symbol>
      <symbol id="sm-864">
         <name>SysTick_Handler</name>
         <value>0x4da7</value>
      </symbol>
      <symbol id="sm-865">
         <name>PSS_IRQHandler</name>
         <value>0x4da7</value>
      </symbol>
      <symbol id="sm-866">
         <name>CS_IRQHandler</name>
         <value>0x4da7</value>
      </symbol>
      <symbol id="sm-867">
         <name>PCM_IRQHandler</name>
         <value>0x4da7</value>
      </symbol>
      <symbol id="sm-868">
         <name>WDT_A_IRQHandler</name>
         <value>0x4da7</value>
      </symbol>
      <symbol id="sm-869">
         <name>FPU_IRQHandler</name>
         <value>0x4da7</value>
      </symbol>
      <symbol id="sm-86a">
         <name>FLCTL_IRQHandler</name>
         <value>0x4da7</value>
      </symbol>
      <symbol id="sm-86b">
         <name>COMP_E0_IRQHandler</name>
         <value>0x4da7</value>
      </symbol>
      <symbol id="sm-86c">
         <name>COMP_E1_IRQHandler</name>
         <value>0x4da7</value>
      </symbol>
      <symbol id="sm-86d">
         <name>TA0_0_IRQHandler</name>
         <value>0x4da7</value>
      </symbol>
      <symbol id="sm-86e">
         <name>TA0_N_IRQHandler</name>
         <value>0x4da7</value>
      </symbol>
      <symbol id="sm-86f">
         <name>TA1_0_IRQHandler</name>
         <value>0x3133</value>
      </symbol>
      <symbol id="sm-870">
         <name>TA1_N_IRQHandler</name>
         <value>0x4da7</value>
      </symbol>
      <symbol id="sm-871">
         <name>TA2_0_IRQHandler</name>
         <value>0x4da7</value>
      </symbol>
      <symbol id="sm-872">
         <name>TA2_N_IRQHandler</name>
         <value>0x4da7</value>
      </symbol>
      <symbol id="sm-873">
         <name>TA3_0_IRQHandler</name>
         <value>0x4da7</value>
      </symbol>
      <symbol id="sm-874">
         <name>TA3_N_IRQHandler</name>
         <value>0x4da7</value>
      </symbol>
      <symbol id="sm-875">
         <name>EUSCIA0_IRQHandler</name>
         <value>0x30d7</value>
      </symbol>
      <symbol id="sm-876">
         <name>EUSCIA1_IRQHandler</name>
         <value>0x4da7</value>
      </symbol>
      <symbol id="sm-877">
         <name>EUSCIA2_IRQHandler</name>
         <value>0x3105</value>
      </symbol>
      <symbol id="sm-878">
         <name>EUSCIA3_IRQHandler</name>
         <value>0x4da7</value>
      </symbol>
      <symbol id="sm-879">
         <name>EUSCIB0_IRQHandler</name>
         <value>0x4da7</value>
      </symbol>
      <symbol id="sm-87a">
         <name>EUSCIB1_IRQHandler</name>
         <value>0x4da7</value>
      </symbol>
      <symbol id="sm-87b">
         <name>EUSCIB2_IRQHandler</name>
         <value>0x4da7</value>
      </symbol>
      <symbol id="sm-87c">
         <name>EUSCIB3_IRQHandler</name>
         <value>0x4da7</value>
      </symbol>
      <symbol id="sm-87d">
         <name>ADC14_IRQHandler</name>
         <value>0x4da7</value>
      </symbol>
      <symbol id="sm-87e">
         <name>T32_INT1_IRQHandler</name>
         <value>0x4da7</value>
      </symbol>
      <symbol id="sm-87f">
         <name>T32_INT2_IRQHandler</name>
         <value>0x4da7</value>
      </symbol>
      <symbol id="sm-880">
         <name>T32_INTC_IRQHandler</name>
         <value>0x4da7</value>
      </symbol>
      <symbol id="sm-881">
         <name>AES256_IRQHandler</name>
         <value>0x4da7</value>
      </symbol>
      <symbol id="sm-882">
         <name>RTC_C_IRQHandler</name>
         <value>0x4da7</value>
      </symbol>
      <symbol id="sm-883">
         <name>DMA_ERR_IRQHandler</name>
         <value>0x4da7</value>
      </symbol>
      <symbol id="sm-884">
         <name>DMA_INT3_IRQHandler</name>
         <value>0x4da7</value>
      </symbol>
      <symbol id="sm-885">
         <name>DMA_INT2_IRQHandler</name>
         <value>0x4da7</value>
      </symbol>
      <symbol id="sm-886">
         <name>DMA_INT1_IRQHandler</name>
         <value>0x4da7</value>
      </symbol>
      <symbol id="sm-887">
         <name>DMA_INT0_IRQHandler</name>
         <value>0x4da7</value>
      </symbol>
      <symbol id="sm-888">
         <name>PORT1_IRQHandler</name>
         <value>0x4da7</value>
      </symbol>
      <symbol id="sm-889">
         <name>PORT2_IRQHandler</name>
         <value>0x4da7</value>
      </symbol>
      <symbol id="sm-88a">
         <name>PORT3_IRQHandler</name>
         <value>0x4da7</value>
      </symbol>
      <symbol id="sm-88b">
         <name>PORT4_IRQHandler</name>
         <value>0x4da7</value>
      </symbol>
      <symbol id="sm-88c">
         <name>PORT5_IRQHandler</name>
         <value>0x3147</value>
      </symbol>
      <symbol id="sm-88d">
         <name>PORT6_IRQHandler</name>
         <value>0x4da7</value>
      </symbol>
   </symbol_table>
   <title>Link successful</title>
</link_info>
